<html>
<body>
<pre>
<h1>礦ision Build Log</h1>
<h2>Tool Versions:</h2>
IDE-Version: μVision V5.25.2.0
Copyright (C) 2018 ARM Ltd and ARM Germany GmbH. All rights reserved.
License Information: 1 bpsemi, 1, LIC=21E4T-R3E27-01IP1-C9NYS-38TH6-ICFQJ
 
Tool Versions:
Toolchain:       MDK-ARM Plus  Version: 5.25.2.0
Toolchain Path:  C:\Keil_v5\ARM\ARMCC\Bin
C Compiler:      Armcc.exe V5.06 update 6 (build 750)
Assembler:       Armasm.exe V5.06 update 6 (build 750)
Linker/Locator:  ArmLink.exe V5.06 update 6 (build 750)
Library Manager: ArmAr.exe V5.06 update 6 (build 750)
Hex Converter:   FromElf.exe V5.06 update 6 (build 750)
CPU DLL:         SARMCM3.DLL V5.25.2.0
Dialog DLL:      DARMCM1.DLL V1.19.1.0
Target DLL:      Segger\JL2CM3.dll V2.99.29.0
Dialog DLL:      TARMCM1.DLL V1.14.0.0
 
<h2>Project:</h2>
E:\2023-05\高速风筒 038最新\doubleshunt0918——038_一对极过零检测光耦_过零光耦\LK_StdPeriph.uvprojx
Project File Date:  09/13/2023

<h2>Output:</h2>
*** Using Compiler 'V5.06 update 6 (build 750)', folder: 'C:\Keil_v5\ARM\ARMCC\Bin'
Rebuild target 'Linko 03x Project'
compiling Global_Variable.c...
compiling Process_Control.c...
compiling interrupt.c...
compiling hardware_init.c...
compiling System_Init.c...
AppFunction\System_Init.c(171): warning:  #69-D: integer conversion resulted in truncation
      struFluxOB_Param.nCurrLoopIniKIL = P_CURRENT_KI_H;      /* 电流环初始KI */
AppFunction\System_Init.c: 1 warning, 0 errors
compiling Task_Scheduler.c...
compiling fault_detection.c...
compiling state_machine.c...
compiling PowerCalculation.c...
compiling SpeedScan.c...
compiling main.c...
compiling MC_math.c...
compiling HeatControl.c...
AppFunction\HeatControl.c(98): warning:  #177-D: variable "AccCrossZeroCnt"  was declared but never referenced
     static	u8 AccCrossZeroCnt=0;
AppFunction\HeatControl.c: 1 warning, 0 errors
compiling FOC_Drive.c...
Kernal_Source\FOC_Drive.c(127): warning:  #177-D: variable "tElectAngle"  was declared but never referenced
              u16 tElectAngle;
Kernal_Source\FOC_Drive.c: 1 warning, 0 errors
compiling App2Core.c...
compiling SignalChain_Sample.c...
Kernal_Source\SignalChain_Sample.c(258): warning:  #177-D: variable "wAux"  was declared but never referenced
      s32 wAux;
Kernal_Source\SignalChain_Sample.c(259): warning:  #177-D: variable "hCurrC"  was declared but never referenced
      s16 hCurrA = 0, hCurrB = 0, hCurrC = 0;
Kernal_Source\SignalChain_Sample.c(261): warning:  #177-D: variable "bCurrASamp"  was declared but never referenced
      u8 bCurrASamp = 0, bCurrBSamp = 0;
Kernal_Source\SignalChain_Sample.c(261): warning:  #177-D: variable "bCurrBSamp"  was declared but never referenced
      u8 bCurrASamp = 0, bCurrBSamp = 0;
Kernal_Source\SignalChain_Sample.c: 4 warnings, 0 errors
compiling PID_regulators.c...
compiling SEGGER_RTT_printf.c...
compiling SEGGER_RTT.c...
compiling lks32mc03x_adc.c...
compiling lks32mc03x_DMA.c...
compiling lks32mc03x_cmp.c...
compiling lks32MC03x_Flash.c...
compiling MC_hall.c...
compiling lks32mc03x_gpio.c...
compiling lks32mc03x_hall.c...
compiling lks32mc03x_I2C.c...
assembling startup_lks32mc03x.s...
compiling lks32mc03x_IWDG.c...
compiling lks32mc03x_spi.c...
compiling lks32mc03x_timer.c...
compiling lks32mc03x_sys.c...
compiling lks32mc03x_MCPWM.c...
compiling lks32mc03x_uart.c...
compiling lks32mc03x_dac.c...
compiling USER_APP.c...
linking...
Program Size: Code=24372 RO-data=4080 RW-data=300 ZI-data=3036  
FromELF: creating hex file...
".\Obj\LKS_MC_Project.axf" - 0 Error(s), 7 Warning(s).

<h2>Software Packages used:</h2>

Package Vendor: ARM
                http://www.keil.com/pack/ARM.CMSIS.5.3.0.pack
                ARM.CMSIS.5.3.0
                CMSIS (Cortex Microcontroller Software Interface Standard)
   * Component: CORE Version: 5.1.1

Package Vendor: Linko
                
                Linko.LKS03x.1.0.8
                LKS03 Device Family Pack

<h2>Collection of Component include folders:</h2>
  .\RTE\_Linko_03x_Project
  C:\Keil_v5\ARM\PACK\ARM\CMSIS\5.3.0\CMSIS\Include
  C:\Keil_v5\ARM\PACK\Linko\LKS03x\1.0.8\Device\Include

<h2>Collection of Component Files used:</h2>

   * Component: ARM::CMSIS:CORE:5.1.1
Build Time Elapsed:  00:00:02
</pre>
</body>
</html>
