Component: ARM Compiler 5.06 update 6 (build 750) Tool: armlink [4d35ed]

==============================================================================

Section Cross References

    hardware_init.o(i.ADC_init) refers to lks32mc03x_adc.o(i.ADC_StructInit) for ADC_StructInit
    hardware_init.o(i.ADC_init) refers to lks32mc03x_adc.o(i.ADC_Init) for ADC_Init
    hardware_init.o(i.ADC_init) refers to signalchain_sample.o(i.ADC_NormalModeCFG) for ADC_NormalModeCFG
    hardware_init.o(i.CMP_init) refers to lks32mc03x_cmp.o(i.CMP_StructInit) for CMP_StructInit
    hardware_init.o(i.CMP_init) refers to lks32mc03x_sys.o(i.SYS_AnalogModuleClockCmd) for SYS_AnalogModuleClockCmd
    hardware_init.o(i.CMP_init) refers to lks32mc03x_cmp.o(i.CMP_Init) for CMP_Init
    hardware_init.o(i.Clock_Init) refers to task_scheduler.o(i.SoftDelay) for SoftDelay
    hardware_init.o(i.DAC_init) refers to lks32mc03x_dac.o(i.DAC_StructInit) for DAC_StructInit
    hardware_init.o(i.DAC_init) refers to lks32mc03x_dac.o(i.DAC_Init) for DAC_Init
    hardware_init.o(i.DAC_init) refers to lks32mc03x_dac.o(i.DAC_OutputVoltage) for DAC_OutputVoltage
    hardware_init.o(i.DebugPWM_OutputFunction) refers to lks32mc03x_mcpwm.o(i.PWMOutputs) for PWMOutputs
    hardware_init.o(i.GPIO_init) refers to lks32mc03x_gpio.o(i.GPIO_StructInit) for GPIO_StructInit
    hardware_init.o(i.GPIO_init) refers to lks32mc03x_gpio.o(i.GPIO_Init) for GPIO_Init
    hardware_init.o(i.GPIO_init) refers to lks32mc03x_gpio.o(i.GPIO_PinAFConfig) for GPIO_PinAFConfig
    hardware_init.o(i.HALL_Perip_Init) refers to lks32mc03x_sys.o(i.SYS_ModuleClockCmd) for SYS_ModuleClockCmd
    hardware_init.o(i.HALL_Perip_Init) refers to lks32mc03x_hall.o(i.HALL_StructInit) for HALL_StructInit
    hardware_init.o(i.HALL_Perip_Init) refers to lks32mc03x_hall.o(i.HALL_Init) for HALL_Init
    hardware_init.o(i.Hardware_init) refers to lks32mc03x_sys.o(i.SYS_ModuleClockCmd) for SYS_ModuleClockCmd
    hardware_init.o(i.Hardware_init) refers to hardware_init.o(i.ADC_init) for ADC_init
    hardware_init.o(i.Hardware_init) refers to hardware_init.o(i.MCPWM_init) for MCPWM_init
    hardware_init.o(i.Hardware_init) refers to hardware_init.o(i.UTimer_init) for UTimer_init
    hardware_init.o(i.Hardware_init) refers to hardware_init.o(i.GPIO_init) for GPIO_init
    hardware_init.o(i.Hardware_init) refers to hardware_init.o(i.DAC_init) for DAC_init
    hardware_init.o(i.Hardware_init) refers to hardware_init.o(i.PGA_Init) for PGA_Init
    hardware_init.o(i.Hardware_init) refers to hardware_init.o(i.CMP_init) for CMP_init
    hardware_init.o(i.Hardware_init) refers to hardware_init.o(i.HALL_Perip_Init) for HALL_Perip_Init
    hardware_init.o(i.Hardware_init) refers to hardware_init.o(i.TempSensor_Init) for TempSensor_Init
    hardware_init.o(i.Hardware_init) refers to task_scheduler.o(i.SoftDelay) for SoftDelay
    hardware_init.o(i.Hardware_init) refers to hardware_init.o(i.__NVIC_SetPriority) for __NVIC_SetPriority
    hardware_init.o(i.Hardware_init) refers to hardware_init.o(i.__NVIC_EnableIRQ) for __NVIC_EnableIRQ
    hardware_init.o(i.MCPWM_init) refers to lks32mc03x_mcpwm.o(i.MCPWM_StructInit) for MCPWM_StructInit
    hardware_init.o(i.MCPWM_init) refers to lks32mc03x_mcpwm.o(i.MCPWM_Init) for MCPWM_Init
    hardware_init.o(i.MCPWM_init) refers to global_variable.o(.bss) for mIPD_CtrProc
    hardware_init.o(i.PGA_Init) refers to lks32mc03x_sys.o(i.SYS_AnalogModuleClockCmd) for SYS_AnalogModuleClockCmd
    hardware_init.o(i.SystemInit) refers to hardware_init.o(i.Clock_Init) for Clock_Init
    hardware_init.o(i.TempSensor_Init) refers to lks32mc03x_sys.o(i.SYS_AnalogModuleClockCmd) for SYS_AnalogModuleClockCmd
    hardware_init.o(i.UART_init) refers to lks32mc03x_uart.o(i.UART_StructInit) for UART_StructInit
    hardware_init.o(i.UART_init) refers to lks32mc03x_uart.o(i.UART_Init) for UART_Init
    hardware_init.o(i.UTimer_init) refers to lks32mc03x_timer.o(i.TIM_TimerStrutInit) for TIM_TimerStrutInit
    hardware_init.o(i.UTimer_init) refers to lks32mc03x_timer.o(i.TIM_TimerInit) for TIM_TimerInit
    interrupt.o(i.ADC_IRQHandler) refers to foc_drive.o(i.FOC_Model) for FOC_Model
    interrupt.o(i.ADC_IRQHandler) refers to fluxobserve.o(i.DcVoltPerUnitCalcInt) for DcVoltPerUnitCalcInt
    interrupt.o(i.ADC_IRQHandler) refers to lks32mc03x_mcpwm.o(i.PWMOutputs) for PWMOutputs
    interrupt.o(i.ADC_IRQHandler) refers to global_variable.o(.bss) for struFOC_CtrProc
    interrupt.o(i.ADC_IRQHandler) refers to fault_detection.o(.bss) for stru_FaultValue
    interrupt.o(i.ADC_IRQHandler) refers to fault_detection.o(.data) for stru_Faults
    interrupt.o(i.CMP_IRQHandler) refers to lks32mc03x_mcpwm.o(i.PWMOutputs) for PWMOutputs
    interrupt.o(i.CMP_IRQHandler) refers to fault_detection.o(.data) for stru_Faults
    interrupt.o(i.MCPWM0_IRQHandler) refers to lks32mc03x_mcpwm.o(i.PWMOutputs) for PWMOutputs
    interrupt.o(i.MCPWM0_IRQHandler) refers to fault_detection.o(.data) for stru_Faults
[...]
    i.GPIO_ResetBits                         0x00002ed4   Section        0  lks32mc03x_gpio.o(i.GPIO_ResetBits)
    i.GPIO_SetBits                           0x00002ed8   Section        0  lks32mc03x_gpio.o(i.GPIO_SetBits)
    i.GPIO_StructInit                        0x00002edc   Section        0  lks32mc03x_gpio.o(i.GPIO_StructInit)
    i.GPIO_init                              0x00002ee8   Section        0  hardware_init.o(i.GPIO_init)
    i.GetVdcSpeed                            0x00002f6c   Section        0  user_app.o(i.GetVdcSpeed)
    i.HALL_IRQHandler                        0x00003078   Section        0  interrupt.o(i.HALL_IRQHandler)
    i.HALL_Init                              0x0000307c   Section        0  lks32mc03x_hall.o(i.HALL_Init)
    i.HALL_Perip_Init                        0x000030cc   Section        0  hardware_init.o(i.HALL_Perip_Init)
    i.HALL_StructInit                        0x00003108   Section        0  lks32mc03x_hall.o(i.HALL_StructInit)
    i.Hardware_init                          0x00003130   Section        0  hardware_init.o(i.Hardware_init)
    i.HeaterControl                          0x000031e4   Section        0  heatcontrol.o(i.HeaterControl)
    i.HeaterTemperature_Control              0x00003508   Section        0  heatcontrol.o(i.HeaterTemperature_Control)
    i.I2C_IRQHandler                         0x000036a0   Section        0  interrupt.o(i.I2C_IRQHandler)
    i.IPD_AngleCalc                          0x000036a4   Section        0  lib_ipd.o(i.IPD_AngleCalc)
    i.IPD_RotorPosEst                        0x0000373c   Section        0  lib_ipd.o(i.IPD_RotorPosEst)
    i.Key_Refresh                            0x0000383c   Section        0  user_app.o(i.Key_Refresh)
    i.MCPWM0_IRQHandler                      0x000039a4   Section        0  interrupt.o(i.MCPWM0_IRQHandler)
    i.MCPWM0_RegUpdate                       0x000039e8   Section        0  signalchain_sample.o(i.MCPWM0_RegUpdate)
    i.MCPWM1_IRQHandler                      0x00003a24   Section        0  interrupt.o(i.MCPWM1_IRQHandler)
    i.MCPWM_Init                             0x00003a28   Section        0  lks32mc03x_mcpwm.o(i.MCPWM_Init)
    i.MCPWM_StructInit                       0x00003cdc   Section        0  lks32mc03x_mcpwm.o(i.MCPWM_StructInit)
    i.MCPWM_init                             0x00003cec   Section        0  hardware_init.o(i.MCPWM_init)
    i.MemoryRestore                          0x00003db0   Section        0  user_app.o(i.MemoryRestore)
    i.ModuCircle_Limitation                  0x00003de4   Section        0  fluxobserve.o(i.ModuCircle_Limitation)
    i.OnTheFlyDetectInit                     0x00003fc8   Section        0  fluxobserve.o(i.OnTheFlyDetectInit)
    i.OnTheFlyDetectPro                      0x00003fd8   Section        0  onthefly.o(i.OnTheFlyDetectPro)
    i.OpenLoopCurRamp                        0x00004090   Section        0  process_control.o(i.OpenLoopCurRamp)
    i.PGA_Init                               0x000040e0   Section        0  hardware_init.o(i.PGA_Init)
    i.PWMOutputs                             0x0000410c   Section        0  lks32mc03x_mcpwm.o(i.PWMOutputs)
    i.PWMScan                                0x00004144   Section        0  speedscan.o(i.PWMScan)
    i.PmsmFluxObIni                          0x000041d0   Section        0  fluxobserve.o(i.PmsmFluxObIni)
    i.PmsmFluxObserve                        0x00004274   Section        0  fluxobserve.o(i.PmsmFluxObserve)
    i.PoloEstCurSample                       0x00004344   Section        0  lib_ipd.o(i.PoloEstCurSample)
    i.ProgramPage                            0x000043a4   Section        0  lks32mc03x_flash.o(i.ProgramPage)
    i.Read_Trim                              0x000044f0   Section        0  lks32mc03x_nvr.o(i.Read_Trim)
    i.RemtCmdAns                             0x0000454c   Section        0  user_app.o(i.RemtCmdAns)
    i.SPI_IRQHandler                         0x00004898   Section        0  interrupt.o(i.SPI_IRQHandler)
    i.SVPWM_2ShuntGEN                        0x0000489c   Section        0  lib_svpwm.o(i.SVPWM_2ShuntGEN)
    i.SW_IRQHandler                          0x00004978   Section        0  interrupt.o(i.SW_IRQHandler)
    i.SYS_AnalogModuleClockCmd               0x0000497c   Section        0  lks32mc03x_sys.o(i.SYS_AnalogModuleClockCmd)
    i.SYS_ModuleClockCmd                     0x000049f0   Section        0  lks32mc03x_sys.o(i.SYS_ModuleClockCmd)
    i.SoftDelay                              0x00004a20   Section        0  task_scheduler.o(i.SoftDelay)
    i.SpeedLoopReg                           0x00004a38   Section        0  foc_drive.o(i.SpeedLoopReg)
    i.SpeedLoop_Set                          0x00004a7c   Section        0  state_machine.o(i.SpeedLoop_Set)
    i.SpeedPIRegulator                       0x00004ab6   Section        0  pid_regulators.o(i.SpeedPIRegulator)
    i.SpeedReferenceGen                      0x00004ba8   Section        0  process_control.o(i.SpeedReferenceGen)
    i.StateAlign                             0x00004be0   Section        0  state_machine.o(i.StateAlign)
    i.StateCharge3                           0x00004c7c   Section        0  state_machine.o(i.StateCharge3)
    i.StateDirCheckVacuum                    0x00004d7c   Section        0  state_machine.o(i.StateDirCheckVacuum)
    i.StateFault                             0x00004e24   Section        0  state_machine.o(i.StateFault)
    i.StateHallRun                           0x00004e40   Section        0  state_machine.o(i.StateHallRun)
    i.StateInit                              0x00004e98   Section        0  state_machine.o(i.StateInit)
    i.StateOpen                              0x00005158   Section        0  state_machine.o(i.StateOpen)
    i.StatePosSeek                           0x000052ac   Section        0  state_machine.o(i.StatePosSeek)
    i.StateRun                               0x00005338   Section        0  state_machine.o(i.StateRun)
    i.StateStop                              0x000056e0   Section        0  state_machine.o(i.StateStop)
    i.SysTick_Handler                        0x0000570c   Section        0  interrupt.o(i.SysTick_Handler)
    i.Sys_State_Machine                      0x00005710   Section        0  state_machine.o(i.Sys_State_Machine)
    i.SystemInit                             0x0000585c   Section        0  hardware_init.o(i.SystemInit)
    i.TIMER0_IRQHandler                      0x00005864   Section        0  interrupt.o(i.TIMER0_IRQHandler)
    i.TIMER1_IRQHandler                      0x0000586c   Section        0  interrupt.o(i.TIMER1_IRQHandler)
    i.TIM_TimerInit                          0x000058a4   Section        0  lks32mc03x_timer.o(i.TIM_TimerInit)
    i.TIM_TimerStrutInit                     0x00005950   Section        0  lks32mc03x_timer.o(i.TIM_TimerStrutInit)
    i.Task_Scheduler                         0x0000598c   Section        0  task_scheduler.o(i.Task_Scheduler)
    i.TempSensor_Init                        0x00005a3c   Section        0  hardware_init.o(i.TempSensor_Init)
    i.Trig_Functions                         0x00005a58   Section        0  mc_math.o(i.Trig_Functions)
    i.UART_IRQHandler                        0x00005b20   Section        0  interrupt.o(i.UART_IRQHandler)
    i.USER_APP_vTick1ms                      0x00005b22   Section        0  user_app.o(i.USER_APP_vTick1ms)
    i.USER_GPIO_Init                         0x00005b38   Section        0  user_app.o(i.USER_GPIO_Init)
    i.USER_Init                              0x00005bd0   Section        0  user_app.o(i.USER_Init)
    i.UTimer_init                            0x00005be8   Section        0  hardware_init.o(i.UTimer_init)
    i.User2AppAngleTrans                     0x00005c48   Section        0  app2core.o(i.User2AppAngleTrans)
    i.User2AppCurTrans                       0x00005c74   Section        0  app2core.o(i.User2AppCurTrans)
    i.User2AppFreqTrans                      0x00005ca0   Section        0  app2core.o(i.User2AppFreqTrans)
    i.User2AppVolTrans                       0x00005ccc   Section        0  app2core.o(i.User2AppVolTrans)
    i.VolPulsePwmSet                         0x00005d1c   Section        0  lib_ipd.o(i.VolPulsePwmSet)
    i.WAKE_IRQHandler                        0x00005d68   Section        0  interrupt.o(i.WAKE_IRQHandler)
    i.__ARM_common_ll_mulss                  0x00005d6a   Section        0  fluxobserve.o(i.__ARM_common_ll_mulss)
    i.__ARM_common_ll_muluu                  0x00005d9a   Section        0  fluxobserve.o(i.__ARM_common_ll_muluu)
    i.__ARM_common_switch8                   0x00005dca   Section        0  lib_svpwm.o(i.__ARM_common_switch8)
    i.__NVIC_EnableIRQ                       0x00005de4   Section        0  hardware_init.o(i.__NVIC_EnableIRQ)
    __NVIC_EnableIRQ                         0x00005de5   Thumb Code    18  hardware_init.o(i.__NVIC_EnableIRQ)
    i.__NVIC_SetPriority                     0x00005dfc   Section        0  hardware_init.o(i.__NVIC_SetPriority)
    __NVIC_SetPriority                       0x00005dfd   Thumb Code   110  hardware_init.o(i.__NVIC_SetPriority)
    i.main                                   0x00005e74   Section        0  main.o(i.main)
    i.soft_Trg_ADC                           0x00005eb0   Section        0  lib_ipd.o(i.soft_Trg_ADC)
    i.sys_init                               0x00005ed8   Section        0  system_init.o(i.sys_init)
    i.vLoadForFlashing                       0x00005efc   Section        0  user_app.o(i.vLoadForFlashing)
    x$fpl$fmul                               0x00005f44   Section      176  fmul.o(x$fpl$fmul)
    .constdata                               0x00005ff4   Section      108  global_variable.o(.constdata)
    x$fpl$usenofp                            0x00005ff4   Section        0  usenofp.o(x$fpl$usenofp)
    .constdata                               0x00006060   Section     2500  heatcontrol.o(.constdata)
    .constdata                               0x00006a24   Section      512  mc_math.o(.constdata)
    .constdata                               0x00006c24   Section      544  lib_svpwm.o(.constdata)
    .constdata                               0x00006e44   Section      128  ddiv.o(.constdata)
    ddiv_reciptbl                            0x00006e44   Data         128  ddiv.o(.constdata)
    .constdata                               0x00006ec4   Section       64  fdiv.o(.constdata)
    fdiv_tab                                 0x00006ec4   Data          64  fdiv.o(.constdata)
    .data                                    0x20000000   Section       21  state_machine.o(.data)
    .data                                    0x20000016   Section       14  fault_detection.o(.data)
    t_nFlagCheck                             0x20000022   Data           2  fault_detection.o(.data)
    .data                                    0x20000024   Section        7  heatcontrol.o(.data)
    AccCrossZeroCnt                          0x2000002a   Data           1  heatcontrol.o(.data)
    .data                                    0x2000002c   Section       10  foc_drive.o(.data)
    .data                                    0x20000036   Section        6  lks32mc03x_dac.o(.data)
    .data                                    0x2000003c   Section       59  user_app.o(.data)
    AutoTempLED1S                            0x20000068   Data           2  user_app.o(.data)
    FastTempLED1S                            0x2000006a   Data           2  user_app.o(.data)
    FastTempCnt                              0x2000006c   Data           2  user_app.o(.data)
    TempTran                                 0x2000006e   Data           1  user_app.o(.data)
    ErrorLedstate                            0x2000006f   Data           1  user_app.o(.data)
    LEDCnt                                   0x20000070   Data           1  user_app.o(.data)
    LEDTimeMs                                0x20000072   Data           2  user_app.o(.data)
    udelayGPIOcntdown                        0x20000074   Data           1  user_app.o(.data)
    IOstate                                  0x20000075   Data           1  user_app.o(.data)
    u8SpecialIOinit                          0x20000076   Data           1  user_app.o(.data)
    .data                                    0x20000078   Section      116  fluxobserve.o(.data)
    motorControlFlag                         0x20000078   Data           1  fluxobserve.o(.data)
    iThetaErr                                0x20000094   Data           2  fluxobserve.o(.data)
    iThetaErr1                               0x20000096   Data           2  fluxobserve.o(.data)
    m_UmRohRef_1                             0x20000098   Data           2  fluxobserve.o(.data)
    s_wfreqAvg                               0x200000c0   Data           4  fluxobserve.o(.data)
    s32_it_fed_filt                          0x200000c4   Data           4  fluxobserve.o(.data)
    s32_im_fed_filt                          0x200000c8   Data           4  fluxobserve.o(.data)
    .data                                    0x200000ec   Section       62  onthefly.o(.data)
    sDppAccCnt                               0x200000ec   Data           1  onthefly.o(.data)
    sDppAccCnt                               0x200000ed   Data           1  onthefly.o(.data)
    BEMF_electAngleOld                       0x200000f0   Data           2  onthefly.o(.data)
    s16Dpp                                   0x200000f2   Data           2  onthefly.o(.data)
    m_Uab                                    0x200000f4   Data           2  onthefly.o(.data)
    m_Ubc                                    0x200000f6   Data           2  onthefly.o(.data)
    m_Uca                                    0x200000f8   Data           2  onthefly.o(.data)
    m_Ua                                     0x200000fa   Data           2  onthefly.o(.data)
    m_Ub                                     0x200000fc   Data           2  onthefly.o(.data)
    m_Uc                                     0x200000fe   Data           2  onthefly.o(.data)
    m_Ubt                                    0x20000100   Data           2  onthefly.o(.data)
    s32Dpp                                   0x20000110   Data           4  onthefly.o(.data)
    s32MotorCurrentMagfilt                   0x20000114   Data           4  onthefly.o(.data)
    s32MotorCurrentMagfilt1                  0x20000118   Data           4  onthefly.o(.data)
    s32MotorCurrentMagDifAvg                 0x2000011c   Data           4  onthefly.o(.data)
    .bss                                     0x20000130   Section      936  global_variable.o(.bss)
    .bss                                     0x200004d8   Section       14  state_machine.o(.bss)
    .bss                                     0x200004e8   Section      144  fault_detection.o(.bss)
    .bss                                     0x20000578   Section       32  speedscan.o(.bss)
    .bss                                     0x20000598   Section       68  heatcontrol.o(.bss)
    .bss                                     0x200005dc   Section       16  user_app.o(.bss)
    .bss                                     0x200005ec   Section      184  fluxobserve.o(.bss)
    .bss                                     0x200006a4   Section       96  libspace.o(.bss)
    HEAP                                     0x20000708   Section      512  startup_lks32mc03x.o(HEAP)
    Heap_Mem                                 0x20000708   Data         512  startup_lks32mc03x.o(HEAP)
    STACK                                    0x20000908   Section     1024  startup_lks32mc03x.o(STACK)
    Stack_Mem                                0x20000908   Data        1024  startup_lks32mc03x.o(STACK)
    __initial_sp                             0x20000d08   Data           0  startup_lks32mc03x.o(STACK)

    Global Symbols

    Symbol Name                              Value     Ov Type        Size  Object(Section)

    BuildAttributes$$THM_ISAv3M$S$PE$A:L22$X:L11$S22$IEEE1$IW$USESV6$~STKCKD$USESV7$~SHL$OSPACE$ROPI$EBA8$UX$STANDARDLIB$REQ8$PRES8$EABIv2 0x00000000   Number         0  anon$$obj.o ABSOLUTE
    __ARM_use_no_argv                        0x00000000   Number         0  main.o ABSOLUTE
    __Vectors                                0x00000000   Data           4  startup_lks32mc03x.o(RESET)
    __ARM_exceptions_init                     - Undefined Weak Reference
    __alloca_initialize                       - Undefined Weak Reference
    __arm_preinit_                            - Undefined Weak Reference
    __cpp_initialize__aeabi_                  - Undefined Weak Reference
    __cxa_finalize                            - Undefined Weak Reference
    __rt_locale                               - Undefined Weak Reference
    __sigvec_lookup                           - Undefined Weak Reference
    _atexit_init                              - Undefined Weak Reference
    _call_atexit_fns                          - Undefined Weak Reference
    _clock_init                               - Undefined Weak Reference
    _fp_trap_init                             - Undefined Weak Reference
    _fp_trap_shutdown                         - Undefined Weak Reference
    _get_lc_collate                           - Undefined Weak Reference
    _get_lc_ctype                             - Undefined Weak Reference
    _get_lc_monetary                          - Undefined Weak Reference
    _get_lc_numeric                           - Undefined Weak Reference
    _get_lc_time                              - Undefined Weak Reference
    _getenv_init                              - Undefined Weak Reference
    _handle_redirection                       - Undefined Weak Reference
    _init_alloc                               - Undefined Weak Reference
    _init_user_alloc                          - Undefined Weak Reference
    _initio                                   - Undefined Weak Reference
    _rand_init                                - Undefined Weak Reference
    _signal_finish                            - Undefined Weak Reference
    _signal_init                              - Undefined Weak Reference
    _terminate_alloc                          - Undefined Weak Reference
    _terminate_user_alloc                     - Undefined Weak Reference
    _terminateio                              - Undefined Weak Reference
    __Vectors_End                            0x000000c0   Data           0  startup_lks32mc03x.o(RESET)
    __Vectors_Size                           0x000000c0   Number         0  startup_lks32mc03x.o ABSOLUTE
    __main                                   0x000000c1   Thumb Code     8  __main.o(!!!main)
    __scatterload                            0x000000c9   Thumb Code     0  __scatter.o(!!!scatter)
    __scatterload_rt2                        0x000000c9   Thumb Code    52  __scatter.o(!!!scatter)
    __scatterload_rt2_thumb_only             0x000000c9   Thumb Code     0  __scatter.o(!!!scatter)
    __scatterload_null                       0x000000d9   Thumb Code     0  __scatter.o(!!!scatter)
    __scatterload_zeroinit                   0x00000105   Thumb Code    28  __scatter_zi.o(!!handler_zi)
    __rt_lib_init                            0x00000121   Thumb Code     0  libinit.o(.ARM.Collect$$libinit$$00000000)
    __rt_lib_init_alloca_1                   0x00000123   Thumb Code     0  libinit2.o(.ARM.Collect$$libinit$$0000002E)
    __rt_lib_init_argv_1                     0x00000123   Thumb Code     0  libinit2.o(.ARM.Collect$$libinit$$0000002C)
    __rt_lib_init_atexit_1                   0x00000123   Thumb Code     0  libinit2.o(.ARM.Collect$$libinit$$0000001B)
    __rt_lib_init_clock_1                    0x00000123   Thumb Code     0  libinit2.o(.ARM.Collect$$libinit$$00000021)
    __rt_lib_init_cpp_1                      0x00000123   Thumb Code     0  libinit2.o(.ARM.Collect$$libinit$$00000032)
    __rt_lib_init_exceptions_1               0x00000123   Thumb Code     0  libinit2.o(.ARM.Collect$$libinit$$00000030)
    __rt_lib_init_fp_1                       0x00000123   Thumb Code     0  libinit2.o(.ARM.Collect$$libinit$$00000002)
    __rt_lib_init_fp_trap_1                  0x00000123   Thumb Code     0  libinit2.o(.ARM.Collect$$libinit$$0000001F)
    __rt_lib_init_getenv_1                   0x00000123   Thumb Code     0  libinit2.o(.ARM.Collect$$libinit$$00000023)
    __rt_lib_init_heap_1                     0x00000123   Thumb Code     0  libinit2.o(.ARM.Collect$$libinit$$0000000A)
    __rt_lib_init_lc_collate_1               0x00000123   Thumb Code     0  libinit2.o(.ARM.Collect$$libinit$$00000011)
    __rt_lib_init_lc_ctype_1                 0x00000123   Thumb Code     0  libinit2.o(.ARM.Collect$$libinit$$00000013)
    __rt_lib_init_lc_monetary_1              0x00000123   Thumb Code     0  libinit2.o(.ARM.Collect$$libinit$$00000015)
    __rt_lib_init_lc_numeric_1               0x00000123   Thumb Code     0  libinit2.o(.ARM.Collect$$libinit$$00000017)
    __rt_lib_init_lc_time_1                  0x00000123   Thumb Code     0  libinit2.o(.ARM.Collect$$libinit$$00000019)
    __rt_lib_init_preinit_1                  0x00000123   Thumb Code     0  libinit2.o(.ARM.Collect$$libinit$$00000004)
    __rt_lib_init_rand_1                     0x00000123   Thumb Code     0  libinit2.o(.ARM.Collect$$libinit$$0000000E)
    __rt_lib_init_return                     0x00000123   Thumb Code     0  libinit2.o(.ARM.Collect$$libinit$$00000033)
    __rt_lib_init_signal_1                   0x00000123   Thumb Code     0  libinit2.o(.ARM.Collect$$libinit$$0000001D)
    __rt_lib_init_stdio_1                    0x00000123   Thumb Code     0  libinit2.o(.ARM.Collect$$libinit$$00000025)
    __rt_lib_init_user_alloc_1               0x00000123   Thumb Code     0  libinit2.o(.ARM.Collect$$libinit$$0000000C)
    __rt_lib_shutdown                        0x00000125   Thumb Code     0  libshutdown.o(.ARM.Collect$$libshutdown$$00000000)
    __rt_lib_shutdown_cpp_1                  0x00000127   Thumb Code     0  libshutdown2.o(.ARM.Collect$$libshutdown$$00000002)
    __rt_lib_shutdown_fp_trap_1              0x00000127   Thumb Code     0  libshutdown2.o(.ARM.Collect$$libshutdown$$00000007)
    __rt_lib_shutdown_heap_1                 0x00000127   Thumb Code     0  libshutdown2.o(.ARM.Collect$$libshutdown$$0000000F)
    __rt_lib_shutdown_return                 0x00000127   Thumb Code     0  libshutdown2.o(.ARM.Collect$$libshutdown$$00000010)
    __rt_lib_shutdown_signal_1               0x00000127   Thumb Code     0  libshutdown2.o(.ARM.Collect$$libshutdown$$0000000A)
    __rt_lib_shutdown_stdio_1                0x00000127   Thumb Code     0  libshutdown2.o(.ARM.Collect$$libshutdown$$00000004)
    __rt_lib_shutdown_user_alloc_1           0x00000127   Thumb Code     0  libshutdown2.o(.ARM.Collect$$libshutdown$$0000000C)
    __rt_entry                               0x00000129   Thumb Code     0  __rtentry.o(.ARM.Collect$$rtentry$$00000000)
    __rt_entry_presh_1                       0x00000129   Thumb Code     0  __rtentry2.o(.ARM.Collect$$rtentry$$00000002)
    __rt_entry_sh                            0x00000129   Thumb Code     0  __rtentry4.o(.ARM.Collect$$rtentry$$00000004)
    __rt_entry_li                            0x0000012f   Thumb Code     0  __rtentry2.o(.ARM.Collect$$rtentry$$0000000A)
    __rt_entry_postsh_1                      0x0000012f   Thumb Code     0  __rtentry2.o(.ARM.Collect$$rtentry$$00000009)
    __rt_entry_main                          0x00000133   Thumb Code     0  __rtentry2.o(.ARM.Collect$$rtentry$$0000000D)
    __rt_entry_postli_1                      0x00000133   Thumb Code     0  __rtentry2.o(.ARM.Collect$$rtentry$$0000000C)
    __rt_exit                                0x0000013b   Thumb Code     0  rtexit.o(.ARM.Collect$$rtexit$$00000000)
    __rt_exit_ls                             0x0000013d   Thumb Code     0  rtexit2.o(.ARM.Collect$$rtexit$$00000003)
    __rt_exit_prels_1                        0x0000013d   Thumb Code     0  rtexit2.o(.ARM.Collect$$rtexit$$00000002)
    __rt_exit_exit                           0x00000141   Thumb Code     0  rtexit2.o(.ARM.Collect$$rtexit$$00000004)
    Reset_Handler                            0x00000149   Thumb Code    14  startup_lks32mc03x.o(.text)
    NMI_Handler                              0x00000157   Thumb Code     2  startup_lks32mc03x.o(.text)
    HardFault_Handler                        0x00000159   Thumb Code     2  startup_lks32mc03x.o(.text)
    SVC_Handler                              0x0000015b   Thumb Code     2  startup_lks32mc03x.o(.text)
    PendSV_Handler                           0x0000015d   Thumb Code     2  startup_lks32mc03x.o(.text)
    __user_initial_stackheap                 0x00000165   Thumb Code     0  startup_lks32mc03x.o(.text)
    __aeabi_llsl                             0x0000018d   Thumb Code    32  llshl.o(.text)
    _ll_shift_l                              0x0000018d   Thumb Code     0  llshl.o(.text)
    __aeabi_lmul                             0x000001ad   Thumb Code    48  llmul.o(.text)
    _ll_mul                                  0x000001ad   Thumb Code     0  llmul.o(.text)
    __aeabi_ldivmod                          0x000001dd   Thumb Code   112  llsdiv.o(.text)
    _ll_sdiv                                 0x000001dd   Thumb Code     0  llsdiv.o(.text)
    _memset_w                                0x0000024d   Thumb Code    26  rt_memclr.o(.text)
    _memset                                  0x00000267   Thumb Code    30  rt_memclr.o(.text)
    __aeabi_memclr                           0x00000285   Thumb Code     4  rt_memclr.o(.text)
    __rt_memclr                              0x00000285   Thumb Code     0  rt_memclr.o(.text)
    __aeabi_memclr4                          0x00000289   Thumb Code     0  rt_memclr.o(.text)
    __aeabi_memclr8                          0x00000289   Thumb Code     0  rt_memclr.o(.text)
    __rt_memclr_w                            0x00000289   Thumb Code     4  rt_memclr.o(.text)
    __aeabi_uidiv                            0x0000028d   Thumb Code     0  aeabi_sdiv.o(.text)
    __aeabi_uidivmod                         0x0000028d   Thumb Code    20  aeabi_sdiv.o(.text)
    __aeabi_idiv                             0x000002a1   Thumb Code     0  aeabi_sdiv.o(.text)
    __aeabi_idivmod                          0x000002a1   Thumb Code   326  aeabi_sdiv.o(.text)
    __use_two_region_memory                  0x000003e7   Thumb Code     2  heapauxi.o(.text)
    __rt_heap_escrow$2region                 0x000003e9   Thumb Code     2  heapauxi.o(.text)
    __rt_heap_expand$2region                 0x000003eb   Thumb Code     2  heapauxi.o(.text)
    __aeabi_ddiv                             0x000003ed   Thumb Code     0  ddiv.o(.text)
    _ddiv                                    0x000003ed   Thumb Code  1072  ddiv.o(.text)
    _drdiv                                   0x0000081d   Thumb Code    20  ddiv.o(.text)
    __aeabi_d2iz                             0x00000835   Thumb Code     0  dfixi.o(.text)
    _dfix                                    0x00000835   Thumb Code    98  dfixi.o(.text)
    __aeabi_d2uiz                            0x000008a1   Thumb Code     0  dfixui.o(.text)
    _dfixu                                   0x000008a1   Thumb Code    68  dfixui.o(.text)
    __aeabi_i2d_normalise                    0x000008e9   Thumb Code    66  dflti.o(.text)
    __aeabi_i2d                              0x0000092b   Thumb Code    16  dflti.o(.text)
    _dflt                                    0x0000092b   Thumb Code     0  dflti.o(.text)
    __aeabi_ui2d                             0x0000093b   Thumb Code     6  dflti.o(.text)
    _dfltu                                   0x0000093b   Thumb Code     0  dflti.o(.text)
    __aeabi_l2d_normalise                    0x00000941   Thumb Code   104  dfltl.o(.text)
    __aeabi_l2d                              0x000009a9   Thumb Code    20  dfltl.o(.text)
    _ll_sto_d                                0x000009a9   Thumb Code     0  dfltl.o(.text)
    __aeabi_ul2d                             0x000009bd   Thumb Code     4  dfltl.o(.text)
    _ll_uto_d                                0x000009bd   Thumb Code     0  dfltl.o(.text)
    __aeabi_dmul                             0x000009c5   Thumb Code     0  dmul.o(.text)
    _dmul                                    0x000009c5   Thumb Code   558  dmul.o(.text)
    __aeabi_f2d                              0x00000c0d   Thumb Code     0  f2d.o(.text)
    _f2d                                     0x00000c0d   Thumb Code    80  f2d.o(.text)
    __aeabi_fdiv                             0x00000c61   Thumb Code     0  fdiv.o(.text)
    _fdiv                                    0x00000c61   Thumb Code   334  fdiv.o(.text)
    _frdiv                                   0x00000daf   Thumb Code     8  fdiv.o(.text)
    __aeabi_f2iz                             0x00000dc1   Thumb Code     0  ffixi.o(.text)
    _ffix                                    0x00000dc1   Thumb Code    76  ffixi.o(.text)
    __aeabi_i2f_normalise                    0x00000e0d   Thumb Code    72  fflti.o(.text)
    __aeabi_i2f                              0x00000e55   Thumb Code    16  fflti.o(.text)
    _fflt                                    0x00000e55   Thumb Code     0  fflti.o(.text)
    __aeabi_ui2f                             0x00000e65   Thumb Code     6  fflti.o(.text)
    _ffltu                                   0x00000e65   Thumb Code     0  fflti.o(.text)
    __aeabi_uldivmod                         0x00000e6b   Thumb Code   258  lludiv.o(.text)
    _ll_udiv                                 0x00000e6b   Thumb Code     0  lludiv.o(.text)
    __user_setup_stackheap                   0x00000f6d   Thumb Code    62  sys_stackheap_outer.o(.text)
    exit                                     0x00000fab   Thumb Code    16  exit.o(.text)
    __user_libspace                          0x00000fbd   Thumb Code     8  libspace.o(.text)
    __user_perproc_libspace                  0x00000fbd   Thumb Code     0  libspace.o(.text)
    __user_perthread_libspace                0x00000fbd   Thumb Code     0  libspace.o(.text)
    _sys_exit                                0x00000fc5   Thumb Code     8  sys_exit.o(.text)
    __I$use$semihosting                      0x00000fd1   Thumb Code     0  use_no_semi.o(.text)
    __use_no_semihosting_swi                 0x00000fd1   Thumb Code     2  use_no_semi.o(.text)
    __decompress                             0x00000fd3   Thumb Code     0  __dczerorl2.o(.text)
    __decompress1                            0x00000fd3   Thumb Code    86  __dczerorl2.o(.text)
    __semihosting_library_function           0x00000fd3   Thumb Code     0  indicate_semi.o(.text)
    ADC_IRQHandler                           0x00001029   Thumb Code   114  interrupt.o(i.ADC_IRQHandler)
    ADC_Init                                 0x000010b9   Thumb Code    72  lks32mc03x_adc.o(i.ADC_Init)
    ADC_NormalModeCFG                        0x00001101   Thumb Code    14  signalchain_sample.o(i.ADC_NormalModeCFG)
    ADC_NormalModeCFG1                       0x00001115   Thumb Code    12  signalchain_sample.o(i.ADC_NormalModeCFG1)
    ADC_StructInit                           0x00001129   Thumb Code    32  lks32mc03x_adc.o(i.ADC_StructInit)
    ADC_init                                 0x00001149   Thumb Code   100  hardware_init.o(i.ADC_init)
    AdcSampleCal                             0x000011b9   Thumb Code   106  foc_drive.o(i.AdcSampleCal)
    App2CoreCurTrans                         0x00001231   Thumb Code    18  app2core.o(i.App2CoreCurTrans)
    App2CoreFreqTrans                        0x00001249   Thumb Code    18  app2core.o(i.App2CoreFreqTrans)
    AutoFieldWeakReg                         0x00001261   Thumb Code    94  fluxobserve.o(i.AutoFieldWeakReg)
    Bemf_Angle_Process                       0x000012d1   Thumb Code   294  onthefly.o(i.Bemf_Angle_Process)
    BrakeStateCheck                          0x00001431   Thumb Code   104  onthefly.o(i.BrakeStateCheck)
    CMP_IRQHandler                           0x000014a9   Thumb Code   110  interrupt.o(i.CMP_IRQHandler)
    CMP_Init                                 0x00001525   Thumb Code   220  lks32mc03x_cmp.o(i.CMP_Init)
    CMP_StructInit                           0x00001611   Thumb Code    70  lks32mc03x_cmp.o(i.CMP_StructInit)
    CMP_init                                 0x00001657   Thumb Code    80  hardware_init.o(i.CMP_init)
    Calc_Atan                                0x000016a9   Thumb Code   434  lib_svpwm.o(i.Calc_Atan)
    Clock_Init                               0x00001869   Thumb Code    42  hardware_init.o(i.Clock_Init)
    CurrentLoopAxisD_Set                     0x000018a1   Thumb Code    90  state_machine.o(i.CurrentLoopAxisD_Set)
    CurrentLoopAxisQ_Set                     0x00001905   Thumb Code    90  state_machine.o(i.CurrentLoopAxisQ_Set)
    CurrentLoopReg                           0x00001969   Thumb Code    58  foc_drive.o(i.CurrentLoopReg)
    CurrentOffsetCalibration                 0x000019a5   Thumb Code   360  system_init.o(i.CurrentOffsetCalibration)
    CurrentPIRegulator                       0x00001b29   Thumb Code    68  pid_regulators.o(i.CurrentPIRegulator)
    DAC_Init                                 0x00001b6d   Thumb Code   182  lks32mc03x_dac.o(i.DAC_Init)
    DAC_OutputVoltage                        0x00001c35   Thumb Code    82  lks32mc03x_dac.o(i.DAC_OutputVoltage)
    DAC_StructInit                           0x00001c8d   Thumb Code    14  lks32mc03x_dac.o(i.DAC_StructInit)
    DAC_init                                 0x00001c9b   Thumb Code    30  hardware_init.o(i.DAC_init)
    DMA_IRQHandler                           0x00001cb9   Thumb Code     2  interrupt.o(i.DMA_IRQHandler)
    DcVoltPerUnitCalc                        0x00001cbd   Thumb Code   134  fluxobserve.o(i.DcVoltPerUnitCalc)
    DcVoltPerUnitCalcInt                     0x00001d65   Thumb Code    44  fluxobserve.o(i.DcVoltPerUnitCalcInt)
    EraseSector                              0x00001da9   Thumb Code   158  lks32mc03x_flash.o(i.EraseSector)
    EraseWriteFlash                          0x00001e71   Thumb Code    58  user_app.o(i.EraseWriteFlash)
    FOC_InitstruParam                        0x00001ec1   Thumb Code   136  foc_drive.o(i.FOC_InitstruParam)
    FOC_Model                                0x00001f5d   Thumb Code   394  foc_drive.o(i.FOC_Model)
    FWLoopPIReg                              0x00002105   Thumb Code    64  fluxobserve.o(i.FWLoopPIReg)
    FaultCheck                               0x00002145   Thumb Code   136  fault_detection.o(i.FaultCheck)
    FaultEmptyCheck                          0x000021f1   Thumb Code    96  fault_detection.o(i.FaultEmptyCheck)
    FaultInit                                0x0000225d   Thumb Code   244  fault_detection.o(i.FaultInit)
    FaultRecoverInit                         0x00002399   Thumb Code    56  fault_detection.o(i.FaultRecoverInit)
    FaultStallCheck                          0x000023f5   Thumb Code   286  fault_detection.o(i.FaultStallCheck)
    FaultVoltageCheck                        0x00002521   Thumb Code   122  fault_detection.o(i.FaultVoltageCheck)
    FindMaxIn3                               0x000025a9   Thumb Code    58  lib_ipd.o(i.FindMaxIn3)
    FindQNum                                 0x000025e3   Thumb Code    28  fluxobserve.o(i.FindQNum)
    FluxObserveInit                          0x00002601   Thumb Code    78  system_init.o(i.FluxObserveInit)
    FluxObserveParaCalc                      0x00002671   Thumb Code  1582  fluxobserve.o(i.FluxObserveParaCalc)
    Flux_OBS_ParaInit                        0x00002ccd   Thumb Code    30  fluxobserve.o(i.Flux_OBS_ParaInit)
    GPIO_IRQHandler                          0x00002cf5   Thumb Code     2  interrupt.o(i.GPIO_IRQHandler)
    GPIO_Init                                0x00002cf7   Thumb Code   190  lks32mc03x_gpio.o(i.GPIO_Init)
    GPIO_PinAFConfig                         0x00002db5   Thumb Code   258  lks32mc03x_gpio.o(i.GPIO_PinAFConfig)
    GPIO_ReadInputDataBit                    0x00002ec1   Thumb Code    20  lks32mc03x_gpio.o(i.GPIO_ReadInputDataBit)
    GPIO_ResetBits                           0x00002ed5   Thumb Code     4  lks32mc03x_gpio.o(i.GPIO_ResetBits)
    GPIO_SetBits                             0x00002ed9   Thumb Code     4  lks32mc03x_gpio.o(i.GPIO_SetBits)
    GPIO_StructInit                          0x00002edd   Thumb Code    12  lks32mc03x_gpio.o(i.GPIO_StructInit)
    GPIO_init                                0x00002ee9   Thumb Code   126  hardware_init.o(i.GPIO_init)
    GetVdcSpeed                              0x00002f6d   Thumb Code   224  user_app.o(i.GetVdcSpeed)
    HALL_IRQHandler                          0x00003079   Thumb Code     2  interrupt.o(i.HALL_IRQHandler)
    HALL_Init                                0x0000307d   Thumb Code    76  lks32mc03x_hall.o(i.HALL_Init)
    HALL_Perip_Init                          0x000030cd   Thumb Code    54  hardware_init.o(i.HALL_Perip_Init)
    HALL_StructInit                          0x00003109   Thumb Code    36  lks32mc03x_hall.o(i.HALL_StructInit)
    Hardware_init                            0x00003131   Thumb Code   164  hardware_init.o(i.Hardware_init)
    HeaterControl                            0x000031e5   Thumb Code   766  heatcontrol.o(i.HeaterControl)
    HeaterTemperature_Control                0x00003509   Thumb Code   372  heatcontrol.o(i.HeaterTemperature_Control)
    I2C_IRQHandler                           0x000036a1   Thumb Code     2  interrupt.o(i.I2C_IRQHandler)
    IPD_AngleCalc                            0x000036a5   Thumb Code   134  lib_ipd.o(i.IPD_AngleCalc)
    IPD_RotorPosEst                          0x0000373d   Thumb Code   228  lib_ipd.o(i.IPD_RotorPosEst)
    Key_Refresh                              0x0000383d   Thumb Code   318  user_app.o(i.Key_Refresh)
    MCPWM0_IRQHandler                        0x000039a5   Thumb Code    58  interrupt.o(i.MCPWM0_IRQHandler)
    MCPWM0_RegUpdate                         0x000039e9   Thumb Code    52  signalchain_sample.o(i.MCPWM0_RegUpdate)
    MCPWM1_IRQHandler                        0x00003a25   Thumb Code     2  interrupt.o(i.MCPWM1_IRQHandler)
    MCPWM_Init                               0x00003a29   Thumb Code   680  lks32mc03x_mcpwm.o(i.MCPWM_Init)
    MCPWM_StructInit                         0x00003cdd   Thumb Code    14  lks32mc03x_mcpwm.o(i.MCPWM_StructInit)
    MCPWM_init                               0x00003ced   Thumb Code   176  hardware_init.o(i.MCPWM_init)
    MemoryRestore                            0x00003db1   Thumb Code    38  user_app.o(i.MemoryRestore)
    ModuCircle_Limitation                    0x00003de5   Thumb Code   448  fluxobserve.o(i.ModuCircle_Limitation)
    OnTheFlyDetectInit                       0x00003fc9   Thumb Code    12  fluxobserve.o(i.OnTheFlyDetectInit)
    OnTheFlyDetectPro                        0x00003fd9   Thumb Code   142  onthefly.o(i.OnTheFlyDetectPro)
    OpenLoopCurRamp                          0x00004091   Thumb Code    78  process_control.o(i.OpenLoopCurRamp)
    PGA_Init                                 0x000040e1   Thumb Code    36  hardware_init.o(i.PGA_Init)
    PWMOutputs                               0x0000410d   Thumb Code    44  lks32mc03x_mcpwm.o(i.PWMOutputs)
    PWMScan                                  0x00004145   Thumb Code   126  speedscan.o(i.PWMScan)
    PmsmFluxObIni                            0x000041d1   Thumb Code   136  fluxobserve.o(i.PmsmFluxObIni)
    PmsmFluxObserve                          0x00004275   Thumb Code   176  fluxobserve.o(i.PmsmFluxObserve)
    PoloEstCurSample                         0x00004345   Thumb Code    88  lib_ipd.o(i.PoloEstCurSample)
    ProgramPage                              0x000043a5   Thumb Code   298  lks32mc03x_flash.o(i.ProgramPage)
    Read_Trim                                0x000044f1   Thumb Code    92  lks32mc03x_nvr.o(i.Read_Trim)
    RemtCmdAns                               0x0000454d   Thumb Code   800  user_app.o(i.RemtCmdAns)
    SPI_IRQHandler                           0x00004899   Thumb Code     2  interrupt.o(i.SPI_IRQHandler)
    SVPWM_2ShuntGEN                          0x0000489d   Thumb Code   214  lib_svpwm.o(i.SVPWM_2ShuntGEN)
    SW_IRQHandler                            0x00004979   Thumb Code     2  interrupt.o(i.SW_IRQHandler)
    SYS_AnalogModuleClockCmd                 0x0000497d   Thumb Code   106  lks32mc03x_sys.o(i.SYS_AnalogModuleClockCmd)
    SYS_ModuleClockCmd                       0x000049f1   Thumb Code    38  lks32mc03x_sys.o(i.SYS_ModuleClockCmd)
    SoftDelay                                0x00004a21   Thumb Code    24  task_scheduler.o(i.SoftDelay)
    SpeedLoopReg                             0x00004a39   Thumb Code    58  foc_drive.o(i.SpeedLoopReg)
    SpeedLoop_Set                            0x00004a7d   Thumb Code    58  state_machine.o(i.SpeedLoop_Set)
    SpeedPIRegulator                         0x00004ab7   Thumb Code   242  pid_regulators.o(i.SpeedPIRegulator)
    SpeedReferenceGen                        0x00004ba9   Thumb Code    54  process_control.o(i.SpeedReferenceGen)
    StateAlign                               0x00004be1   Thumb Code   128  state_machine.o(i.StateAlign)
    StateCharge3                             0x00004c7d   Thumb Code   230  state_machine.o(i.StateCharge3)
    StateDirCheckVacuum                      0x00004d7d   Thumb Code   150  state_machine.o(i.StateDirCheckVacuum)
    StateFault                               0x00004e25   Thumb Code    18  state_machine.o(i.StateFault)
    StateHallRun                             0x00004e41   Thumb Code    74  state_machine.o(i.StateHallRun)
    StateInit                                0x00004e99   Thumb Code   604  state_machine.o(i.StateInit)
    StateOpen                                0x00005159   Thumb Code   294  state_machine.o(i.StateOpen)
    StatePosSeek                             0x000052ad   Thumb Code   116  state_machine.o(i.StatePosSeek)
    StateRun                                 0x00005339   Thumb Code   846  state_machine.o(i.StateRun)
    StateStop                                0x000056e1   Thumb Code    36  state_machine.o(i.StateStop)
    SysTick_Handler                          0x0000570d   Thumb Code     2  interrupt.o(i.SysTick_Handler)
    Sys_State_Machine                        0x00005711   Thumb Code   302  state_machine.o(i.Sys_State_Machine)
    SystemInit                               0x0000585d   Thumb Code     8  hardware_init.o(i.SystemInit)
    TIMER0_IRQHandler                        0x00005865   Thumb Code     8  interrupt.o(i.TIMER0_IRQHandler)
    TIMER1_IRQHandler                        0x0000586d   Thumb Code    48  interrupt.o(i.TIMER1_IRQHandler)
    TIM_TimerInit                            0x000058a5   Thumb Code   162  lks32mc03x_timer.o(i.TIM_TimerInit)
    TIM_TimerStrutInit                       0x00005951   Thumb Code    58  lks32mc03x_timer.o(i.TIM_TimerStrutInit)
    Task_Scheduler                           0x0000598d   Thumb Code   156  task_scheduler.o(i.Task_Scheduler)
    TempSensor_Init                          0x00005a3d   Thumb Code    18  hardware_init.o(i.TempSensor_Init)
    Trig_Functions                           0x00005a59   Thumb Code   196  mc_math.o(i.Trig_Functions)
    UART_IRQHandler                          0x00005b21   Thumb Code     2  interrupt.o(i.UART_IRQHandler)
    USER_APP_vTick1ms                        0x00005b23   Thumb Code    20  user_app.o(i.USER_APP_vTick1ms)
    USER_GPIO_Init                           0x00005b39   Thumb Code   146  user_app.o(i.USER_GPIO_Init)
    USER_Init                                0x00005bd1   Thumb Code    18  user_app.o(i.USER_Init)
    UTimer_init                              0x00005be9   Thumb Code    80  hardware_init.o(i.UTimer_init)
    User2AppAngleTrans                       0x00005c49   Thumb Code    38  app2core.o(i.User2AppAngleTrans)
    User2AppCurTrans                         0x00005c75   Thumb Code    38  app2core.o(i.User2AppCurTrans)
    User2AppFreqTrans                        0x00005ca1   Thumb Code    38  app2core.o(i.User2AppFreqTrans)
    User2AppVolTrans                         0x00005ccd   Thumb Code    58  app2core.o(i.User2AppVolTrans)
    VolPulsePwmSet                           0x00005d1d   Thumb Code    68  lib_ipd.o(i.VolPulsePwmSet)
    WAKE_IRQHandler                          0x00005d69   Thumb Code     2  interrupt.o(i.WAKE_IRQHandler)
    __ARM_common_ll_mulss                    0x00005d6b   Thumb Code    48  fluxobserve.o(i.__ARM_common_ll_mulss)
    __ARM_common_ll_muluu                    0x00005d9b   Thumb Code    48  fluxobserve.o(i.__ARM_common_ll_muluu)
    __ARM_common_switch8                     0x00005dcb   Thumb Code    26  lib_svpwm.o(i.__ARM_common_switch8)
    main                                     0x00005e75   Thumb Code    46  main.o(i.main)
    soft_Trg_ADC                             0x00005eb1   Thumb Code    30  lib_ipd.o(i.soft_Trg_ADC)
    sys_init                                 0x00005ed9   Thumb Code    26  system_init.o(i.sys_init)
    vLoadForFlashing                         0x00005efd   Thumb Code    52  user_app.o(i.vLoadForFlashing)
    __aeabi_fmul                             0x00005f45   Thumb Code     0  fmul.o(x$fpl$fmul)
    _fmul                                    0x00005f45   Thumb Code   172  fmul.o(x$fpl$fmul)
    __I$use$fp                               0x00005ff4   Number         0  usenofp.o(x$fpl$usenofp)
    sVersion                                 0x00005ff4   Data          10  global_variable.o(.constdata)
    struFOC_ConstParam                       0x00005ffe   Data          16  global_variable.o(.constdata)
    struMotorParam                           0x00006010   Data          44  global_variable.o(.constdata)
    struBoardParam                           0x0000603c   Data          36  global_variable.o(.constdata)
    HotTab                                   0x00006060   Data        2500  heatcontrol.o(.constdata)
    hSin_Cos_Table                           0x00006a24   Data         512  mc_math.o(.constdata)
    atantab1                                 0x00006c24   Data         544  lib_svpwm.o(.constdata)
    Region$$Table$$Base                      0x00006f04   Number         0  anon$$obj.o(Region$$Table)
    Region$$Table$$Limit                     0x00006f24   Number         0  anon$$obj.o(Region$$Table)
    g_uDirCheckStep                          0x20000000   Data           2  state_machine.o(.data)
    BrakeFlag                                0x20000002   Data           1  state_machine.o(.data)
    BrakeStep                                0x20000003   Data           1  state_machine.o(.data)
    nQCurrentSetTemp                         0x20000004   Data           2  state_machine.o(.data)
    testmkp                                  0x20000006   Data           2  state_machine.o(.data)
    testmki                                  0x20000008   Data           2  state_machine.o(.data)
    testtkp                                  0x2000000a   Data           2  state_machine.o(.data)
    testtki                                  0x2000000c   Data           2  state_machine.o(.data)
    Iq_set                                   0x20000010   Data           4  state_machine.o(.data)
    testspeed                                0x20000014   Data           1  state_machine.o(.data)
    struImaxCurrent                          0x20000016   Data           6  fault_detection.o(.data)
    stru_Faults                              0x2000001c   Data           2  fault_detection.o(.data)
    SoftCur_Cnt                              0x2000001e   Data           2  fault_detection.o(.data)
    NTCERRORTime_min                         0x20000020   Data           1  fault_detection.o(.data)
    TempOverErrorstate                       0x20000021   Data           1  fault_detection.o(.data)
    FRS_ON                                   0x20000024   Data           1  heatcontrol.o(.data)
    ControlOFF                               0x20000025   Data           1  heatcontrol.o(.data)
    xxxx                                     0x20000026   Data           1  heatcontrol.o(.data)
    testtemp                                 0x20000028   Data           2  heatcontrol.o(.data)
    Mag_nCurr                                0x2000002c   Data           2  foc_drive.o(.data)
    shorterrdec                              0x2000002e   Data           1  foc_drive.o(.data)
    openloopAngle                            0x20000030   Data           2  foc_drive.o(.data)
    openloopAngleStep                        0x20000032   Data           2  foc_drive.o(.data)
    watchiq                                  0x20000034   Data           2  foc_drive.o(.data)
    Stru_DAC_CHECK                           0x20000036   Data           6  lks32mc03x_dac.o(.data)
    AppCmdKey                                0x2000003c   Data           3  user_app.o(.data)
    TempGear                                 0x2000003f   Data           1  user_app.o(.data)
    iTargetGear                              0x20000040   Data           1  user_app.o(.data)
    AutoTemp                                 0x20000041   Data           1  user_app.o(.data)
    hairmode                                 0x20000042   Data           1  user_app.o(.data)
    Memorymsg                                0x20000044   Data           4  user_app.o(.data)
    TempGear_memory                          0x20000048   Data           1  user_app.o(.data)
    remotor_memory                           0x2000004c   Data           4  user_app.o(.data)
    Memorymessag_eraseflg                    0x20000050   Data           1  user_app.o(.data)
    key1cnt                                  0x20000051   Data           1  user_app.o(.data)
    key2cnt                                  0x20000052   Data           1  user_app.o(.data)
    key3cnt                                  0x20000053   Data           1  user_app.o(.data)
    u8key1cnt                                0x20000054   Data           1  user_app.o(.data)
    u8key2cnt                                0x20000055   Data           1  user_app.o(.data)
    u8key3cnt                                0x20000056   Data           1  user_app.o(.data)
    speed2                                   0x20000057   Data           1  user_app.o(.data)
    temp2                                    0x20000058   Data           1  user_app.o(.data)
    KEY_WindSpeedCnt                         0x20000059   Data           1  user_app.o(.data)
    WindSpeedKeyStateLast                    0x2000005a   Data           1  user_app.o(.data)
    WindSpeedKeyState                        0x2000005b   Data           1  user_app.o(.data)
    KEY_WindTempONCnt                        0x2000005c   Data           2  user_app.o(.data)
    KEY_WindTempOFFCnt                       0x2000005e   Data           2  user_app.o(.data)
    uDCfil                                   0x20000060   Data           2  user_app.o(.data)
    t_VdcSpdCoef                             0x20000062   Data           2  user_app.o(.data)
    s32uDCfil                                0x20000064   Data           4  user_app.o(.data)
    g_FluxObsMode                            0x2000007a   Data           2  fluxobserve.o(.data)
    g_FluxObsFreqSegSet                      0x2000007c   Data           2  fluxobserve.o(.data)
    uPWM1msTick                              0x2000007e   Data           2  fluxobserve.o(.data)
    uFreq1msM                                0x20000080   Data           2  fluxobserve.o(.data)
    s16GainH                                 0x20000082   Data           2  fluxobserve.o(.data)
    s16DobsGainB                             0x20000084   Data           2  fluxobserve.o(.data)
    s16DobsGainA                             0x20000086   Data           2  fluxobserve.o(.data)
    AFWR_KP                                  0x20000088   Data           2  fluxobserve.o(.data)
    AFWR_KI                                  0x2000008a   Data           2  fluxobserve.o(.data)
    ATWR_KP                                  0x2000008c   Data           2  fluxobserve.o(.data)
    ATWR_KI                                  0x2000008e   Data           2  fluxobserve.o(.data)
    gPmWeakId                                0x20000090   Data           2  fluxobserve.o(.data)
    gPmWeakIq                                0x20000092   Data           2  fluxobserve.o(.data)
    s16VolOutAvg                             0x2000009a   Data           2  fluxobserve.o(.data)
    afo15Sftn                                0x2000009c   Data           2  fluxobserve.o(.data)
    s16UmRohRef                              0x2000009e   Data           2  fluxobserve.o(.data)
    s16UtRohRef                              0x200000a0   Data           2  fluxobserve.o(.data)
    g_nD_CurrLoopKPL                         0x200000a2   Data           2  fluxobserve.o(.data)
    g_nD_CurrLoopKIL                         0x200000a4   Data           2  fluxobserve.o(.data)
    g_nQ_CurrLoopKPL                         0x200000a6   Data           2  fluxobserve.o(.data)
    g_nQ_CurrLoopKIL                         0x200000a8   Data           2  fluxobserve.o(.data)
    g_nD_CurrLoopKPH                         0x200000aa   Data           2  fluxobserve.o(.data)
    g_nD_CurrLoopKIH                         0x200000ac   Data           2  fluxobserve.o(.data)
    g_nQ_CurrLoopKPH                         0x200000ae   Data           2  fluxobserve.o(.data)
    g_nQ_CurrLoopKIH                         0x200000b0   Data           2  fluxobserve.o(.data)
    uMrasTheta_est                           0x200000b4   Data           4  fluxobserve.o(.data)
    gThetaComp                               0x200000b8   Data           4  fluxobserve.o(.data)
    gModCoef                                 0x200000bc   Data           4  fluxobserve.o(.data)
    gBemfPerUnitGain                         0x200000cc   Data           4  fluxobserve.o(.data)
    afo15                                    0x200000d0   Data           4  fluxobserve.o(.data)
    uPmRsPu                                  0x200000d4   Data           4  fluxobserve.o(.data)
    s32VolOutAvg                             0x200000d8   Data           4  fluxobserve.o(.data)
    iMrasIdEstN_1_Fs                         0x200000dc   Data           4  fluxobserve.o(.data)
    iMrasIqEstN_1_Fs                         0x200000e0   Data           4  fluxobserve.o(.data)
    synWeObsFilt                             0x200000e4   Data           4  fluxobserve.o(.data)
    iThetaErr2                               0x200000e8   Data           4  fluxobserve.o(.data)
    g_AngleComp                              0x200000ee   Data           2  onthefly.o(.data)
    g_nMotorSynEmf                           0x20000102   Data           2  onthefly.o(.data)
    g_nMotorSynEmfAngle                      0x20000104   Data           2  onthefly.o(.data)
    gVolMsdA                                 0x20000106   Data           2  onthefly.o(.data)
    gVolMsdB                                 0x20000108   Data           2  onthefly.o(.data)
    gBemfMeas                                0x2000010a   Data           2  onthefly.o(.data)
    gFreqMsd                                 0x2000010c   Data           2  onthefly.o(.data)
    g_nMotorSynEmfFreq                       0x20000120   Data           4  onthefly.o(.data)
    struBemfVolt                             0x20000124   Data           6  onthefly.o(.data)
    struTaskScheduler                        0x20000130   Data          16  global_variable.o(.bss)
    struFOC_CtrProc                          0x20000140   Data          16  global_variable.o(.bss)
    struFOC_CurrLoop                         0x20000150   Data         236  global_variable.o(.bss)
    struFluxOB_Param                         0x2000023c   Data          64  global_variable.o(.bss)
    struAppCommData                          0x2000027c   Data          68  global_variable.o(.bss)
    struMotorSpeed                           0x200002c0   Data          88  global_variable.o(.bss)
    mOnTheFlyDetect                          0x20000318   Data          36  global_variable.o(.bss)
    struHallProcess                          0x2000033c   Data         232  global_variable.o(.bss)
    mSpeedPI                                 0x20000424   Data          28  global_variable.o(.bss)
    mOpenForceRun                            0x20000440   Data          24  global_variable.o(.bss)
    struUser2App                             0x20000458   Data          32  global_variable.o(.bss)
    struCore2App                             0x20000478   Data          32  global_variable.o(.bss)
    struApp2Core                             0x20000498   Data          32  global_variable.o(.bss)
    mIPD_CtrProc                             0x200004b8   Data          32  global_variable.o(.bss)
    struTime                                 0x200004d8   Data          14  state_machine.o(.bss)
    struCurrentAmplitude                     0x200004e8   Data          24  fault_detection.o(.bss)
    stru_FaultValue                          0x20000500   Data          40  fault_detection.o(.bss)
    struFaultVoltTime                        0x20000528   Data          10  fault_detection.o(.bss)
    struFaultEmptyTime                       0x20000532   Data          10  fault_detection.o(.bss)
    struFaultStallTime                       0x2000053c   Data          10  fault_detection.o(.bss)
    struFaultCurrentTime                     0x20000546   Data          10  fault_detection.o(.bss)
    struFaultTempTime                        0x20000550   Data          10  fault_detection.o(.bss)
    struFaultPhaseTime                       0x2000055a   Data          10  fault_detection.o(.bss)
    struFaultStartTime                       0x20000564   Data          10  fault_detection.o(.bss)
    struFaultZeroTime                        0x2000056e   Data          10  fault_detection.o(.bss)
    struPWMTime                              0x20000578   Data          32  speedscan.o(.bss)
    FRSControl                               0x20000598   Data          68  heatcontrol.o(.bss)
    powerfreqcmd                             0x200005dc   Data          16  user_app.o(.bss)
    struFluxOB_Var                           0x200005ec   Data          32  fluxobserve.o(.bss)
    m_FluxOBSPara                            0x2000060c   Data          56  fluxobserve.o(.bss)
    AEMFRM                                   0x20000644   Data          28  fluxobserve.o(.bss)
    AEMFRT                                   0x20000660   Data          28  fluxobserve.o(.bss)
    AFWR                                     0x2000067c   Data          20  fluxobserve.o(.bss)
    ATWR                                     0x20000690   Data          20  fluxobserve.o(.bss)
    __libspace_start                         0x200006a4   Data          96  libspace.o(.bss)
    __temporary_stack_top$libspace           0x20000704   Data           0  libspace.o(.bss)



==============================================================================

Memory Map of the image

  Image Entry point : 0x000000c1

  Load Region LR_IROM1 (Base: 0x00000000, Size: 0x00007050, Max: 0x00008000, ABSOLUTE, COMPRESSED[0x00006f4c])

    Execution Region ER_IROM1 (Exec base: 0x00000000, Load base: 0x00000000, Size: 0x00006f24, Max: 0x00008000, ABSOLUTE)

    Exec Addr    Load Addr    Size         Type   Attr      Idx    E Section Name        Object

    0x00000000   0x00000000   0x000000c0   Data   RO         2250    RESET               startup_lks32mc03x.o
    0x000000c0   0x000000c0   0x00000008   Code   RO         2837  * !!!main             c_p.l(__main.o)
    0x000000c8   0x000000c8   0x0000003c   Code   RO         3052    !!!scatter          c_p.l(__scatter.o)
    0x00000104   0x00000104   0x0000001c   Code   RO         3054    !!handler_zi        c_p.l(__scatter_zi.o)
    0x00000120   0x00000120   0x00000002   Code   RO         2918    .ARM.Collect$$libinit$$00000000  c_p.l(libinit.o)
    0x00000122   0x00000122   0x00000000   Code   RO         2934    .ARM.Collect$$libinit$$00000002  c_p.l(libinit2.o)
    0x00000122   0x00000122   0x00000000   Code   RO         2936    .ARM.Collect$$libinit$$00000004  c_p.l(libinit2.o)
    0x00000122   0x00000122   0x00000000   Code   RO         2939    .ARM.Collect$$libinit$$0000000A  c_p.l(libinit2.o)
    0x00000122   0x00000122   0x00000000   Code   RO         2941    .ARM.Collect$$libinit$$0000000C  c_p.l(libinit2.o)
    0x00000122   0x00000122   0x00000000   Code   RO         2943    .ARM.Collect$$libinit$$0000000E  c_p.l(libinit2.o)
    0x00000122   0x00000122   0x00000000   Code   RO         2946    .ARM.Collect$$libinit$$00000011  c_p.l(libinit2.o)
    0x00000122   0x00000122   0x00000000   Code   RO         2948    .ARM.Collect$$libinit$$00000013  c_p.l(libinit2.o)
    0x00000122   0x00000122   0x00000000   Code   RO         2950    .ARM.Collect$$libinit$$00000015  c_p.l(libinit2.o)
    0x00000122   0x00000122   0x00000000   Code   RO         2952    .ARM.Collect$$libinit$$00000017  c_p.l(libinit2.o)
    0x00000122   0x00000122   0x00000000   Code   RO         2954    .ARM.Collect$$libinit$$00000019  c_p.l(libinit2.o)
    0x00000122   0x00000122   0x00000000   Code   RO         2956    .ARM.Collect$$libinit$$0000001B  c_p.l(libinit2.o)
    0x00000122   0x00000122   0x00000000   Code   RO         2958    .ARM.Collect$$libinit$$0000001D  c_p.l(libinit2.o)
    0x00000122   0x00000122   0x00000000   Code   RO         2960    .ARM.Collect$$libinit$$0000001F  c_p.l(libinit2.o)
    0x00000122   0x00000122   0x00000000   Code   RO         2962    .ARM.Collect$$libinit$$00000021  c_p.l(libinit2.o)
    0x00000122   0x00000122   0x00000000   Code   RO         2964    .ARM.Collect$$libinit$$00000023  c_p.l(libinit2.o)
    0x00000122   0x00000122   0x00000000   Code   RO         2966    .ARM.Collect$$libinit$$00000025  c_p.l(libinit2.o)
    0x00000122   0x00000122   0x00000000   Code   RO         2970    .ARM.Collect$$libinit$$0000002C  c_p.l(libinit2.o)
    0x00000122   0x00000122   0x00000000   Code   RO         2972    .ARM.Collect$$libinit$$0000002E  c_p.l(libinit2.o)
    0x00000122   0x00000122   0x00000000   Code   RO         2974    .ARM.Collect$$libinit$$00000030  c_p.l(libinit2.o)
    0x00000122   0x00000122   0x00000000   Code   RO         2976    .ARM.Collect$$libinit$$00000032  c_p.l(libinit2.o)
    0x00000122   0x00000122   0x00000002   Code   RO         2977    .ARM.Collect$$libinit$$00000033  c_p.l(libinit2.o)
    0x00000124   0x00000124   0x00000002   Code   RO         3008    .ARM.Collect$$libshutdown$$00000000  c_p.l(libshutdown.o)
    0x00000126   0x00000126   0x00000000   Code   RO         3034    .ARM.Collect$$libshutdown$$00000002  c_p.l(libshutdown2.o)
    0x00000126   0x00000126   0x00000000   Code   RO         3036    .ARM.Collect$$libshutdown$$00000004  c_p.l(libshutdown2.o)
    0x00000126   0x00000126   0x00000000   Code   RO         3039    .ARM.Collect$$libshutdown$$00000007  c_p.l(libshutdown2.o)
    0x00000126   0x00000126   0x00000000   Code   RO         3042    .ARM.Collect$$libshutdown$$0000000A  c_p.l(libshutdown2.o)
    0x00000126   0x00000126   0x00000000   Code   RO         3044    .ARM.Collect$$libshutdown$$0000000C  c_p.l(libshutdown2.o)
    0x00000126   0x00000126   0x00000000   Code   RO         3047    .ARM.Collect$$libshutdown$$0000000F  c_p.l(libshutdown2.o)
    0x00000126   0x00000126   0x00000002   Code   RO         3048    .ARM.Collect$$libshutdown$$00000010  c_p.l(libshutdown2.o)
    0x00000128   0x00000128   0x00000000   Code   RO         2869    .ARM.Collect$$rtentry$$00000000  c_p.l(__rtentry.o)
    0x00000128   0x00000128   0x00000000   Code   RO         2880    .ARM.Collect$$rtentry$$00000002  c_p.l(__rtentry2.o)
    0x00000128   0x00000128   0x00000006   Code   RO         2892    .ARM.Collect$$rtentry$$00000004  c_p.l(__rtentry4.o)
    0x0000012e   0x0000012e   0x00000000   Code   RO         2882    .ARM.Collect$$rtentry$$00000009  c_p.l(__rtentry2.o)
    0x0000012e   0x0000012e   0x00000004   Code   RO         2883    .ARM.Collect$$rtentry$$0000000A  c_p.l(__rtentry2.o)
    0x00000132   0x00000132   0x00000000   Code   RO         2885    .ARM.Collect$$rtentry$$0000000C  c_p.l(__rtentry2.o)
    0x00000132   0x00000132   0x00000008   Code   RO         2886    .ARM.Collect$$rtentry$$0000000D  c_p.l(__rtentry2.o)
    0x0000013a   0x0000013a   0x00000002   Code   RO         2925    .ARM.Collect$$rtexit$$00000000  c_p.l(rtexit.o)
    0x0000013c   0x0000013c   0x00000000   Code   RO         2981    .ARM.Collect$$rtexit$$00000002  c_p.l(rtexit2.o)
    0x0000013c   0x0000013c   0x00000004   Code   RO         2982    .ARM.Collect$$rtexit$$00000003  c_p.l(rtexit2.o)
    0x00000140   0x00000140   0x00000006   Code   RO         2983    .ARM.Collect$$rtexit$$00000004  c_p.l(rtexit2.o)
    0x00000146   0x00000146   0x00000002   PAD
    0x00000148   0x00000148   0x00000044   Code   RO         2251    .text               startup_lks32mc03x.o
    0x0000018c   0x0000018c   0x00000020   Code   RO         2813    .text               c_p.l(llshl.o)
    0x000001ac   0x000001ac   0x00000030   Code   RO         2817    .text               c_p.l(llmul.o)
    0x000001dc   0x000001dc   0x00000070   Code   RO         2819    .text               c_p.l(llsdiv.o)
    0x0000024c   0x0000024c   0x00000040   Code   RO         2829    .text               c_p.l(rt_memclr.o)
    0x0000028c   0x0000028c   0x0000015a   Code   RO         2831    .text               c_p.l(aeabi_sdiv.o)
    0x000003e6   0x000003e6   0x00000006   Code   RO         2835    .text               c_p.l(heapauxi.o)
    0x000003ec   0x000003ec   0x00000448   Code   RO         2843    .text               fz_ps.l(ddiv.o)
    0x00000834   0x00000834   0x0000006c   Code   RO         2846    .text               fz_ps.l(dfixi.o)
    0x000008a0   0x000008a0   0x00000048   Code   RO         2848    .text               fz_ps.l(dfixui.o)
    0x000008e8   0x000008e8   0x00000058   Code   RO         2850    .text               fz_ps.l(dflti.o)
    0x00000940   0x00000940   0x00000084   Code   RO         2852    .text               fz_ps.l(dfltl.o)
    0x000009c4   0x000009c4   0x00000248   Code   RO         2856    .text               fz_ps.l(dmul.o)
    0x00000c0c   0x00000c0c   0x00000054   Code   RO         2858    .text               fz_ps.l(f2d.o)
    0x00000c60   0x00000c60   0x00000160   Code   RO         2860    .text               fz_ps.l(fdiv.o)
    0x00000dc0   0x00000dc0   0x0000004c   Code   RO         2863    .text               fz_ps.l(ffixi.o)
    0x00000e0c   0x00000e0c   0x0000005e   Code   RO         2865    .text               fz_ps.l(fflti.o)
    0x00000e6a   0x00000e6a   0x00000102   Code   RO         2874    .text               c_p.l(lludiv.o)
    0x00000f6c   0x00000f6c   0x0000003e   Code   RO         2904    .text               c_p.l(sys_stackheap_outer.o)
    0x00000faa   0x00000faa   0x00000010   Code   RO         2907    .text               c_p.l(exit.o)
    0x00000fba   0x00000fba   0x00000002   PAD
    0x00000fbc   0x00000fbc   0x00000008   Code   RO         2921    .text               c_p.l(libspace.o)
    0x00000fc4   0x00000fc4   0x0000000c   Code   RO         2978    .text               c_p.l(sys_exit.o)
    0x00000fd0   0x00000fd0   0x00000002   Code   RO         2997    .text               c_p.l(use_no_semi.o)
    0x00000fd2   0x00000fd2   0x00000000   Code   RO         2999    .text               c_p.l(indicate_semi.o)
    0x00000fd2   0x00000fd2   0x00000056   Code   RO         3050    .text               c_p.l(__dczerorl2.o)
    0x00001028   0x00001028   0x00000090   Code   RO          279    i.ADC_IRQHandler    interrupt.o
    0x000010b8   0x000010b8   0x00000048   Code   RO         1600    i.ADC_Init          lks32mc03x_adc.o
    0x00001100   0x00001100   0x00000014   Code   RO         1215    i.ADC_NormalModeCFG  signalchain_sample.o
    0x00001114   0x00001114   0x00000014   Code   RO         1216    i.ADC_NormalModeCFG1  signalchain_sample.o
    0x00001128   0x00001128   0x00000020   Code   RO         1601    i.ADC_StructInit    lks32mc03x_adc.o
    0x00001148   0x00001148   0x00000070   Code   RO          142    i.ADC_init          hardware_init.o
    0x000011b8   0x000011b8   0x00000078   Code   RO         1147    i.AdcSampleCal      foc_drive.o
    0x00001230   0x00001230   0x00000018   Code   RO         1050    i.App2CoreCurTrans  app2core.o
    0x00001248   0x00001248   0x00000018   Code   RO         1051    i.App2CoreFreqTrans  app2core.o
    0x00001260   0x00001260   0x00000070   Code   RO         2524    i.AutoFieldWeakReg  LKS03x_FluxOBS_V2p18d.lib(fluxobserve.o)
    0x000012d0   0x000012d0   0x00000160   Code   RO         2668    i.Bemf_Angle_Process  LKS03x_FluxOBS_V2p18d.lib(onthefly.o)
    0x00001430   0x00001430   0x00000078   Code   RO         2669    i.BrakeStateCheck   LKS03x_FluxOBS_V2p18d.lib(onthefly.o)
    0x000014a8   0x000014a8   0x0000007c   Code   RO          280    i.CMP_IRQHandler    interrupt.o
    0x00001524   0x00001524   0x000000ec   Code   RO         1638    i.CMP_Init          lks32mc03x_cmp.o
    0x00001610   0x00001610   0x00000046   Code   RO         1639    i.CMP_StructInit    lks32mc03x_cmp.o
    0x00001656   0x00001656   0x00000050   Code   RO          143    i.CMP_init          hardware_init.o
    0x000016a6   0x000016a6   0x00000002   PAD
    0x000016a8   0x000016a8   0x000001c0   Code   RO         2391    i.Calc_Atan         LKS03x_FluxOBS_V2p18d.lib(lib_svpwm.o)
    0x00001868   0x00001868   0x00000038   Code   RO          144    i.Clock_Init        hardware_init.o
    0x000018a0   0x000018a0   0x00000064   Code   RO          517    i.CurrentLoopAxisD_Set  state_machine.o
    0x00001904   0x00001904   0x00000064   Code   RO          518    i.CurrentLoopAxisQ_Set  state_machine.o
    0x00001968   0x00001968   0x0000003a   Code   RO         1148    i.CurrentLoopReg    foc_drive.o
    0x000019a2   0x000019a2   0x00000002   PAD
    0x000019a4   0x000019a4   0x00000184   Code   RO          444    i.CurrentOffsetCalibration  system_init.o
    0x00001b28   0x00001b28   0x00000044   Code   RO         1251    i.CurrentPIRegulator  pid_regulators.o
    0x00001b6c   0x00001b6c   0x000000c8   Code   RO         2257    i.DAC_Init          lks32mc03x_dac.o
    0x00001c34   0x00001c34   0x00000058   Code   RO         2259    i.DAC_OutputVoltage  lks32mc03x_dac.o
    0x00001c8c   0x00001c8c   0x0000000e   Code   RO         2260    i.DAC_StructInit    lks32mc03x_dac.o
    0x00001c9a   0x00001c9a   0x0000001e   Code   RO          145    i.DAC_init          hardware_init.o
    0x00001cb8   0x00001cb8   0x00000002   Code   RO          281    i.DMA_IRQHandler    interrupt.o
    0x00001cba   0x00001cba   0x00000002   PAD
    0x00001cbc   0x00001cbc   0x000000a8   Code   RO         2525    i.DcVoltPerUnitCalc  LKS03x_FluxOBS_V2p18d.lib(fluxobserve.o)
    0x00001d64   0x00001d64   0x00000044   Code   RO         2526    i.DcVoltPerUnitCalcInt  LKS03x_FluxOBS_V2p18d.lib(fluxobserve.o)
    0x00001da8   0x00001da8   0x000000c8   Code   RO         1711    i.EraseSector       lks32mc03x_flash.o
    0x00001e70   0x00001e70   0x00000050   Code   RO         2298    i.EraseWriteFlash   user_app.o
    0x00001ec0   0x00001ec0   0x0000009c   Code   RO         1149    i.FOC_InitstruParam  foc_drive.o
    0x00001f5c   0x00001f5c   0x000001a8   Code   RO         1150    i.FOC_Model         foc_drive.o
    0x00002104   0x00002104   0x00000040   Code   RO         2527    i.FWLoopPIReg       LKS03x_FluxOBS_V2p18d.lib(fluxobserve.o)
    0x00002144   0x00002144   0x000000ac   Code   RO          667    i.FaultCheck        fault_detection.o
    0x000021f0   0x000021f0   0x0000006c   Code   RO          669    i.FaultEmptyCheck   fault_detection.o
    0x0000225c   0x0000225c   0x0000013c   Code   RO          670    i.FaultInit         fault_detection.o
    0x00002398   0x00002398   0x0000005c   Code   RO          673    i.FaultRecoverInit  fault_detection.o
    0x000023f4   0x000023f4   0x0000012c   Code   RO          674    i.FaultStallCheck   fault_detection.o
    0x00002520   0x00002520   0x00000088   Code   RO          677    i.FaultVoltageCheck  fault_detection.o
    0x000025a8   0x000025a8   0x0000003a   Code   RO         2626    i.FindMaxIn3        LKS03x_FluxOBS_V2p18d.lib(lib_ipd.o)
    0x000025e2   0x000025e2   0x0000001c   Code   RO         2528    i.FindQNum          LKS03x_FluxOBS_V2p18d.lib(fluxobserve.o)
    0x000025fe   0x000025fe   0x00000002   PAD
    0x00002600   0x00002600   0x00000070   Code   RO          445    i.FluxObserveInit   system_init.o
    0x00002670   0x00002670   0x0000065c   Code   RO         2529    i.FluxObserveParaCalc  LKS03x_FluxOBS_V2p18d.lib(fluxobserve.o)
    0x00002ccc   0x00002ccc   0x00000028   Code   RO         2530    i.Flux_OBS_ParaInit  LKS03x_FluxOBS_V2p18d.lib(fluxobserve.o)
    0x00002cf4   0x00002cf4   0x00000002   Code   RO          284    i.GPIO_IRQHandler   interrupt.o
    0x00002cf6   0x00002cf6   0x000000be   Code   RO         1786    i.GPIO_Init         lks32mc03x_gpio.o
    0x00002db4   0x00002db4   0x0000010c   Code   RO         1787    i.GPIO_PinAFConfig  lks32mc03x_gpio.o
    0x00002ec0   0x00002ec0   0x00000014   Code   RO         1789    i.GPIO_ReadInputDataBit  lks32mc03x_gpio.o
    0x00002ed4   0x00002ed4   0x00000004   Code   RO         1792    i.GPIO_ResetBits    lks32mc03x_gpio.o
    0x00002ed8   0x00002ed8   0x00000004   Code   RO         1793    i.GPIO_SetBits      lks32mc03x_gpio.o
    0x00002edc   0x00002edc   0x0000000c   Code   RO         1794    i.GPIO_StructInit   lks32mc03x_gpio.o
    0x00002ee8   0x00002ee8   0x00000084   Code   RO          147    i.GPIO_init         hardware_init.o
    0x00002f6c   0x00002f6c   0x0000010c   Code   RO         2300    i.GetVdcSpeed       user_app.o
    0x00003078   0x00003078   0x00000002   Code   RO          285    i.HALL_IRQHandler   interrupt.o
    0x0000307a   0x0000307a   0x00000002   PAD
    0x0000307c   0x0000307c   0x00000050   Code   RO         1875    i.HALL_Init         lks32mc03x_hall.o
    0x000030cc   0x000030cc   0x0000003c   Code   RO          148    i.HALL_Perip_Init   hardware_init.o
    0x00003108   0x00003108   0x00000028   Code   RO         1878    i.HALL_StructInit   lks32mc03x_hall.o
    0x00003130   0x00003130   0x000000b4   Code   RO          149    i.Hardware_init     hardware_init.o
    0x000031e4   0x000031e4   0x00000324   Code   RO          953    i.HeaterControl     heatcontrol.o
    0x00003508   0x00003508   0x00000198   Code   RO          954    i.HeaterTemperature_Control  heatcontrol.o
    0x000036a0   0x000036a0   0x00000002   Code   RO          286    i.I2C_IRQHandler    interrupt.o
    0x000036a2   0x000036a2   0x00000002   PAD
    0x000036a4   0x000036a4   0x00000098   Code   RO         2627    i.IPD_AngleCalc     LKS03x_FluxOBS_V2p18d.lib(lib_ipd.o)
    0x0000373c   0x0000373c   0x00000100   Code   RO         2628    i.IPD_RotorPosEst   LKS03x_FluxOBS_V2p18d.lib(lib_ipd.o)
    0x0000383c   0x0000383c   0x00000168   Code   RO         2301    i.Key_Refresh       user_app.o
    0x000039a4   0x000039a4   0x00000044   Code   RO          287    i.MCPWM0_IRQHandler  interrupt.o
    0x000039e8   0x000039e8   0x0000003c   Code   RO         1217    i.MCPWM0_RegUpdate  signalchain_sample.o
    0x00003a24   0x00003a24   0x00000002   Code   RO          288    i.MCPWM1_IRQHandler  interrupt.o
    0x00003a26   0x00003a26   0x00000002   PAD
    0x00003a28   0x00003a28   0x000002b4   Code   RO         2018    i.MCPWM_Init        lks32mc03x_mcpwm.o
    0x00003cdc   0x00003cdc   0x0000000e   Code   RO         2019    i.MCPWM_StructInit  lks32mc03x_mcpwm.o
    0x00003cea   0x00003cea   0x00000002   PAD
    0x00003cec   0x00003cec   0x000000c4   Code   RO          150    i.MCPWM_init        hardware_init.o
    0x00003db0   0x00003db0   0x00000034   Code   RO         2302    i.MemoryRestore     user_app.o
    0x00003de4   0x00003de4   0x000001e4   Code   RO         2531    i.ModuCircle_Limitation  LKS03x_FluxOBS_V2p18d.lib(fluxobserve.o)
    0x00003fc8   0x00003fc8   0x00000010   Code   RO         2532    i.OnTheFlyDetectInit  LKS03x_FluxOBS_V2p18d.lib(fluxobserve.o)
    0x00003fd8   0x00003fd8   0x000000b8   Code   RO         2670    i.OnTheFlyDetectPro  LKS03x_FluxOBS_V2p18d.lib(onthefly.o)
    0x00004090   0x00004090   0x0000004e   Code   RO          778    i.OpenLoopCurRamp   process_control.o
    0x000040de   0x000040de   0x00000002   PAD
    0x000040e0   0x000040e0   0x0000002c   Code   RO          151    i.PGA_Init          hardware_init.o
    0x0000410c   0x0000410c   0x00000038   Code   RO         2020    i.PWMOutputs        lks32mc03x_mcpwm.o
    0x00004144   0x00004144   0x0000008c   Code   RO          892    i.PWMScan           speedscan.o
    0x000041d0   0x000041d0   0x000000a4   Code   RO         2534    i.PmsmFluxObIni     LKS03x_FluxOBS_V2p18d.lib(fluxobserve.o)
    0x00004274   0x00004274   0x000000d0   Code   RO         2535    i.PmsmFluxObserve   LKS03x_FluxOBS_V2p18d.lib(fluxobserve.o)
    0x00004344   0x00004344   0x00000060   Code   RO         2629    i.PoloEstCurSample  LKS03x_FluxOBS_V2p18d.lib(lib_ipd.o)
    0x000043a4   0x000043a4   0x0000014c   Code   RO         1716    i.ProgramPage       lks32mc03x_flash.o
    0x000044f0   0x000044f0   0x0000005c   Code   RO         2776    i.Read_Trim         lks32mc03x_nvr.lib(lks32mc03x_nvr.o)
    0x0000454c   0x0000454c   0x0000034c   Code   RO         2303    i.RemtCmdAns        user_app.o
    0x00004898   0x00004898   0x00000002   Code   RO          289    i.SPI_IRQHandler    interrupt.o
    0x0000489a   0x0000489a   0x00000002   PAD
    0x0000489c   0x0000489c   0x000000dc   Code   RO         2393    i.SVPWM_2ShuntGEN   LKS03x_FluxOBS_V2p18d.lib(lib_svpwm.o)
    0x00004978   0x00004978   0x00000002   Code   RO          290    i.SW_IRQHandler     interrupt.o
    0x0000497a   0x0000497a   0x00000002   PAD
    0x0000497c   0x0000497c   0x00000074   Code   RO         2112    i.SYS_AnalogModuleClockCmd  lks32mc03x_sys.o
    0x000049f0   0x000049f0   0x00000030   Code   RO         2116    i.SYS_ModuleClockCmd  lks32mc03x_sys.o
    0x00004a20   0x00004a20   0x00000018   Code   RO          484    i.SoftDelay         task_scheduler.o
    0x00004a38   0x00004a38   0x00000044   Code   RO         1151    i.SpeedLoopReg      foc_drive.o
    0x00004a7c   0x00004a7c   0x0000003a   Code   RO          520    i.SpeedLoop_Set     state_machine.o
    0x00004ab6   0x00004ab6   0x000000f2   Code   RO         1253    i.SpeedPIRegulator  pid_regulators.o
    0x00004ba8   0x00004ba8   0x00000036   Code   RO          780    i.SpeedReferenceGen  process_control.o
    0x00004bde   0x00004bde   0x00000002   PAD
    0x00004be0   0x00004be0   0x0000009c   Code   RO          521    i.StateAlign        state_machine.o
    0x00004c7c   0x00004c7c   0x00000100   Code   RO          523    i.StateCharge3      state_machine.o
    0x00004d7c   0x00004d7c   0x000000a8   Code   RO          525    i.StateDirCheckVacuum  state_machine.o
    0x00004e24   0x00004e24   0x0000001c   Code   RO          526    i.StateFault        state_machine.o
    0x00004e40   0x00004e40   0x00000058   Code   RO          527    i.StateHallRun      state_machine.o
    0x00004e98   0x00004e98   0x000002c0   Code   RO          528    i.StateInit         state_machine.o
    0x00005158   0x00005158   0x00000154   Code   RO          529    i.StateOpen         state_machine.o
    0x000052ac   0x000052ac   0x0000008c   Code   RO          530    i.StatePosSeek      state_machine.o
    0x00005338   0x00005338   0x000003a8   Code   RO          531    i.StateRun          state_machine.o
    0x000056e0   0x000056e0   0x0000002c   Code   RO          532    i.StateStop         state_machine.o
    0x0000570c   0x0000570c   0x00000002   Code   RO          292    i.SysTick_Handler   interrupt.o
    0x0000570e   0x0000570e   0x00000002   PAD
    0x00005710   0x00005710   0x0000014c   Code   RO          533    i.Sys_State_Machine  state_machine.o
    0x0000585c   0x0000585c   0x00000008   Code   RO          152    i.SystemInit        hardware_init.o
    0x00005864   0x00005864   0x00000008   Code   RO          293    i.TIMER0_IRQHandler  interrupt.o
    0x0000586c   0x0000586c   0x00000038   Code   RO          294    i.TIMER1_IRQHandler  interrupt.o
    0x000058a4   0x000058a4   0x000000ac   Code   RO         2168    i.TIM_TimerInit     lks32mc03x_timer.o
    0x00005950   0x00005950   0x0000003a   Code   RO         2169    i.TIM_TimerStrutInit  lks32mc03x_timer.o
    0x0000598a   0x0000598a   0x00000002   PAD
    0x0000598c   0x0000598c   0x000000b0   Code   RO          485    i.Task_Scheduler    task_scheduler.o
    0x00005a3c   0x00005a3c   0x0000001c   Code   RO          153    i.TempSensor_Init   hardware_init.o
    0x00005a58   0x00005a58   0x000000c8   Code   RO         1013    i.Trig_Functions    mc_math.o
    0x00005b20   0x00005b20   0x00000002   Code   RO          296    i.UART_IRQHandler   interrupt.o
    0x00005b22   0x00005b22   0x00000014   Code   RO         2305    i.USER_APP_vTick1ms  user_app.o
    0x00005b36   0x00005b36   0x00000002   PAD
    0x00005b38   0x00005b38   0x00000098   Code   RO         2306    i.USER_GPIO_Init    user_app.o
    0x00005bd0   0x00005bd0   0x00000018   Code   RO         2307    i.USER_Init         user_app.o
    0x00005be8   0x00005be8   0x00000060   Code   RO          156    i.UTimer_init       hardware_init.o
    0x00005c48   0x00005c48   0x0000002c   Code   RO         1059    i.User2AppAngleTrans  app2core.o
    0x00005c74   0x00005c74   0x0000002c   Code   RO         1060    i.User2AppCurTrans  app2core.o
    0x00005ca0   0x00005ca0   0x0000002c   Code   RO         1061    i.User2AppFreqTrans  app2core.o
    0x00005ccc   0x00005ccc   0x00000050   Code   RO         1062    i.User2AppVolTrans  app2core.o
    0x00005d1c   0x00005d1c   0x0000004c   Code   RO         2630    i.VolPulsePwmSet    LKS03x_FluxOBS_V2p18d.lib(lib_ipd.o)
    0x00005d68   0x00005d68   0x00000002   Code   RO          297    i.WAKE_IRQHandler   interrupt.o
    0x00005d6a   0x00005d6a   0x00000030   Code   RO         2620    i.__ARM_common_ll_mulss  LKS03x_FluxOBS_V2p18d.lib(fluxobserve.o)
    0x00005d9a   0x00005d9a   0x00000030   Code   RO         2618    i.__ARM_common_ll_muluu  LKS03x_FluxOBS_V2p18d.lib(fluxobserve.o)
    0x00005dca   0x00005dca   0x0000001a   Code   RO         2434    i.__ARM_common_switch8  LKS03x_FluxOBS_V2p18d.lib(lib_svpwm.o)
    0x00005de4   0x00005de4   0x00000018   Code   RO          157    i.__NVIC_EnableIRQ  hardware_init.o
    0x00005dfc   0x00005dfc   0x00000078   Code   RO          158    i.__NVIC_SetPriority  hardware_init.o
    0x00005e74   0x00005e74   0x0000003c   Code   RO          990    i.main              main.o
    0x00005eb0   0x00005eb0   0x00000028   Code   RO         2631    i.soft_Trg_ADC      LKS03x_FluxOBS_V2p18d.lib(lib_ipd.o)
    0x00005ed8   0x00005ed8   0x00000024   Code   RO          446    i.sys_init          system_init.o
    0x00005efc   0x00005efc   0x00000048   Code   RO         2308    i.vLoadForFlashing  user_app.o
    0x00005f44   0x00005f44   0x000000b0   Code   RO         2867    x$fpl$fmul          fz_ps.l(fmul.o)
    0x00005ff4   0x00005ff4   0x00000000   Code   RO         2878    x$fpl$usenofp       fz_ps.l(usenofp.o)
    0x00005ff4   0x00005ff4   0x0000006c   Data   RO            4    .constdata          global_variable.o
    0x00006060   0x00006060   0x000009c4   Data   RO          956    .constdata          heatcontrol.o
    0x00006a24   0x00006a24   0x00000200   Data   RO         1014    .constdata          mc_math.o
    0x00006c24   0x00006c24   0x00000220   Data   RO         2397    .constdata          LKS03x_FluxOBS_V2p18d.lib(lib_svpwm.o)
    0x00006e44   0x00006e44   0x00000080   Data   RO         2844    .constdata          fz_ps.l(ddiv.o)
    0x00006ec4   0x00006ec4   0x00000040   Data   RO         2861    .constdata          fz_ps.l(fdiv.o)
    0x00006f04   0x00006f04   0x00000020   Data   RO         3049    Region$$Table       anon$$obj.o


    Execution Region RW_IRAM1 (Exec base: 0x20000000, Load base: 0x00006f24, Size: 0x00000d08, Max: 0x00001000, ABSOLUTE, COMPRESSED[0x00000028])

    Exec Addr    Load Addr    Size         Type   Attr      Idx    E Section Name        Object

    0x20000000   COMPRESSED   0x00000015   Data   RW          535    .data               state_machine.o
    0x20000015   COMPRESSED   0x00000001   PAD
    0x20000016   COMPRESSED   0x0000000e   Data   RW          680    .data               fault_detection.o
    0x20000024   COMPRESSED   0x00000007   Data   RW          957    .data               heatcontrol.o
    0x2000002b   COMPRESSED   0x00000001   PAD
    0x2000002c   COMPRESSED   0x0000000a   Data   RW         1153    .data               foc_drive.o
    0x20000036   COMPRESSED   0x00000006   Data   RW         2261    .data               lks32mc03x_dac.o
    0x2000003c   COMPRESSED   0x0000003b   Data   RW         2311    .data               user_app.o
    0x20000077   COMPRESSED   0x00000001   PAD
    0x20000078   COMPRESSED   0x00000074   Data   RW         2537    .data               LKS03x_FluxOBS_V2p18d.lib(fluxobserve.o)
    0x200000ec   COMPRESSED   0x0000003e   Data   RW         2676    .data               LKS03x_FluxOBS_V2p18d.lib(onthefly.o)
    0x2000012a   COMPRESSED   0x00000006   PAD
    0x20000130        -       0x000003a8   Zero   RW            3    .bss                global_variable.o
    0x200004d8        -       0x0000000e   Zero   RW          534    .bss                state_machine.o
    0x200004e6   COMPRESSED   0x00000002   PAD
    0x200004e8        -       0x00000090   Zero   RW          679    .bss                fault_detection.o
    0x20000578        -       0x00000020   Zero   RW          896    .bss                speedscan.o
    0x20000598        -       0x00000044   Zero   RW          955    .bss                heatcontrol.o
    0x200005dc        -       0x00000010   Zero   RW         2310    .bss                user_app.o
    0x200005ec        -       0x000000b8   Zero   RW         2536    .bss                LKS03x_FluxOBS_V2p18d.lib(fluxobserve.o)
    0x200006a4        -       0x00000060   Zero   RW         2922    .bss                c_p.l(libspace.o)
    0x20000704   COMPRESSED   0x00000004   PAD
    0x20000708        -       0x00000200   Zero   RW         2249    HEAP                startup_lks32mc03x.o
    0x20000908        -       0x00000400   Zero   RW         2248    STACK               startup_lks32mc03x.o


==============================================================================

Image component sizes


      Code (inc. data)   RO Data    RW Data    ZI Data      Debug   Object Name

       260         52          0          0          0       3494   app2core.o
      1124        192          0         14        144       6998   fault_detection.o
       826         92          0         10          0      10766   foc_drive.o
         0          0        108          0        936      41337   global_variable.o
      1166        124          0          0          0      29559   hardware_init.o
      1212         74       2500          7         68       7512   heatcontrol.o
       420         62          0          0          0       7659   interrupt.o
       104          0          0          0          0       5556   lks32mc03x_adc.o
       306         16          0          0          0       3292   lks32mc03x_cmp.o
       302         24          0          6          0       2785   lks32mc03x_dac.o
       532         76          0          0          0       2504   lks32mc03x_flash.o
       498         28          0          0          0       4569   lks32mc03x_gpio.o
       120          8          0          0          0       2698   lks32mc03x_hall.o
       762         24          0          0          0       7641   lks32mc03x_mcpwm.o
       164         20          0          0          0       1268   lks32mc03x_sys.o
       230         10          0          0          0       3725   lks32mc03x_timer.o
        60         14          0          0          0        491   main.o
       200          4        512          0          0       3118   mc_math.o
       310          0          0          0          0       1924   pid_regulators.o
       132          0          0          0          0       1586   process_control.o
       100         22          0          0          0       1500   signalchain_sample.o
       140         14          0          0         32       2172   speedscan.o
        68         32        192          0       1536        700   startup_lks32mc03x.o
      3450        434          0         21         14      14371   state_machine.o
       536         72          0          0          0       2408   system_init.o
       200         20          0          0          0       2973   task_scheduler.o
      1872        198          0         59         16      10799   user_app.o

    ----------------------------------------------------------------------
     15122       1612       3344        120       2748     183405   Object Totals
         0          0         32          0          0          0   (incl. Generated)
        28          0          0          3          2          0   (incl. Padding)

    ----------------------------------------------------------------------

      Code (inc. data)   RO Data    RW Data    ZI Data      Debug   Library Member Name

      3076        304          0        116        184      12575   fluxobserve.o
       678         92          0          0          0       3810   lib_ipd.o
       694         20        544          0          0      16847   lib_svpwm.o
       656        116          0         62          0       4899   onthefly.o
        86          0          0          0          0          0   __dczerorl2.o
         8          0          0          0          0         68   __main.o
         0          0          0          0          0          0   __rtentry.o
        12          0          0          0          0          0   __rtentry2.o
         6          0          0          0          0          0   __rtentry4.o
        60          8          0          0          0          0   __scatter.o
        28          0          0          0          0          0   __scatter_zi.o
       346          0          0          0          0         92   aeabi_sdiv.o
        16          0          0          0          0         68   exit.o
         6          0          0          0          0        136   heapauxi.o
         0          0          0          0          0          0   indicate_semi.o
         2          0          0          0          0          0   libinit.o
         2          0          0          0          0          0   libinit2.o
         2          0          0          0          0          0   libshutdown.o
         2          0          0          0          0          0   libshutdown2.o
         8          4          0          0         96         68   libspace.o
        48          0          0          0          0         72   llmul.o
       112          0          0          0          0         72   llsdiv.o
        32          0          0          0          0         68   llshl.o
       258          0          0          0          0         88   lludiv.o
        64          0          0          0          0        108   rt_memclr.o
         2          0          0          0          0          0   rtexit.o
        10          0          0          0          0          0   rtexit2.o
        12          4          0          0          0         60   sys_exit.o
        62          0          0          0          0         80   sys_stackheap_outer.o
         2          0          0          0          0         68   use_no_semi.o
      1096         26        128          0          0        112   ddiv.o
       108         10          0          0          0         72   dfixi.o
        72          4          0          0          0         68   dfixui.o
        88          0          0          0          0         92   dflti.o
       132          4          0          0          0        100   dfltl.o
       584         26          0          0          0         84   dmul.o
        84          4          0          0          0         60   f2d.o
       352         10         64          0          0         92   fdiv.o
        76          0          0          0          0         68   ffixi.o
        94          0          0          0          0         92   fflti.o
       176          4          0          0          0         80   fmul.o
         0          0          0          0          0          0   usenofp.o
        92          0          0          0          0        536   lks32mc03x_nvr.o

    ----------------------------------------------------------------------
      9250        636        736        180        288      40635   Library Totals
         6          0          0          2          8          0   (incl. Padding)

    ----------------------------------------------------------------------

      Code (inc. data)   RO Data    RW Data    ZI Data      Debug   Library Name

      5104        532        544        178        184      38131   LKS03x_FluxOBS_V2p18d.lib
      1186         16          0          0         96       1048   c_p.l
      2862         88        192          0          0        920   fz_ps.l
        92          0          0          0          0        536   lks32mc03x_nvr.lib

    ----------------------------------------------------------------------
      9250        636        736        180        288      40635   Library Totals

    ----------------------------------------------------------------------

==============================================================================


      Code (inc. data)   RO Data    RW Data    ZI Data      Debug   

     24372       2248       4080        300       3036     217512   Grand Totals
     24372       2248       4080         40       3036     217512   ELF Image Totals (compressed)
     24372       2248       4080         40          0          0   ROM Totals

==============================================================================

    Total RO  Size (Code + RO Data)                28452 (  27.79kB)
    Total RW  Size (RW Data + ZI Data)              3336 (   3.26kB)
    Total ROM Size (Code + RO Data + RW Data)      28492 (  27.82kB)

==============================================================================

